Archive member included because of file (symbol)

..\..\..\..\..\..\..\..\..\..\microchip\harmony\v1_07_01\bin\framework\peripheral\PIC32MX440F256H_peripherals.a(peripheral.o)
                              build/PINGUINO/production/_ext/55825582/halSYS.o (PLIB_BMX_ExistsDataRamWaitState)
c:/program files/microchip/xc32/v1.40/bin/bin/../../lib/gcc/pic32mx/4.8.3/../../../../pic32mx/lib/no-float\libsupc++.a(del_op.o)
                              build/PINGUINO/production/_ext/1472/Main.o (operator delete(void*))
c:/program files/microchip/xc32/v1.40/bin/bin/../../lib/gcc/pic32mx/4.8.3/../../../../pic32mx/lib/no-float\libsupc++.a(new_op.o)
                              build/PINGUINO/production/_ext/1472/Main.o (operator new(unsigned long))
c:/program files/microchip/xc32/v1.40/bin/bin/../../lib/gcc/pic32mx/4.8.3/../../../../pic32mx/lib/no-float\libsupc++.a(pure.o)
                              build/PINGUINO/production/_ext/2012494728/eosUsbClient.o (__cxa_pure_virtual)
c:/program files/microchip/xc32/v1.40/bin/bin/../../lib/gcc/pic32mx/4.8.3/../../../../pic32mx/lib/no-float\libsupc++.a(bad_alloc.o)
                              c:/program files/microchip/xc32/v1.40/bin/bin/../../lib/gcc/pic32mx/4.8.3/../../../../pic32mx/lib/no-float\libsupc++.a(new_op.o) (vtable for std::bad_alloc)
c:/program files/microchip/xc32/v1.40/bin/bin/../../lib/gcc/pic32mx/4.8.3/../../../../pic32mx/lib/no-float\libsupc++.a(eh_alloc.o)
                              c:/program files/microchip/xc32/v1.40/bin/bin/../../lib/gcc/pic32mx/4.8.3/../../../../pic32mx/lib/no-float\libsupc++.a(new_op.o) (__cxa_allocate_exception)
c:/program files/microchip/xc32/v1.40/bin/bin/../../lib/gcc/pic32mx/4.8.3/../../../../pic32mx/lib/no-float\libsupc++.a(eh_exception.o)
                              c:/program files/microchip/xc32/v1.40/bin/bin/../../lib/gcc/pic32mx/4.8.3/../../../../pic32mx/lib/no-float\libsupc++.a(bad_alloc.o) (std::exception::~exception())
c:/program files/microchip/xc32/v1.40/bin/bin/../../lib/gcc/pic32mx/4.8.3/../../../../pic32mx/lib/no-float\libsupc++.a(eh_terminate.o)
                              c:/program files/microchip/xc32/v1.40/bin/bin/../../lib/gcc/pic32mx/4.8.3/../../../../pic32mx/lib/no-float\libsupc++.a(pure.o) (std::terminate())
c:/program files/microchip/xc32/v1.40/bin/bin/../../lib/gcc/pic32mx/4.8.3/../../../../pic32mx/lib/no-float\libsupc++.a(eh_throw.o)
                              c:/program files/microchip/xc32/v1.40/bin/bin/../../lib/gcc/pic32mx/4.8.3/../../../../pic32mx/lib/no-float\libsupc++.a(new_op.o) (__cxa_throw)
c:/program files/microchip/xc32/v1.40/bin/bin/../../lib/gcc/pic32mx/4.8.3/../../../../pic32mx/lib/no-float\libsupc++.a(eh_unex_handler.o)
                              c:/program files/microchip/xc32/v1.40/bin/bin/../../lib/gcc/pic32mx/4.8.3/../../../../pic32mx/lib/no-float\libsupc++.a(eh_terminate.o) (__cxxabiv1::__unexpected_handler)
c:/program files/microchip/xc32/v1.40/bin/bin/../../lib/gcc/pic32mx/4.8.3/../../../../pic32mx/lib/no-float\libsupc++.a(new_handler.o)
                              c:/program files/microchip/xc32/v1.40/bin/bin/../../lib/gcc/pic32mx/4.8.3/../../../../pic32mx/lib/no-float\libsupc++.a(new_op.o) (__new_handler)
c:/program files/microchip/xc32/v1.40/bin/bin/../../lib/gcc/pic32mx/4.8.3/../../../../pic32mx/lib/no-float\libsupc++.a(si_class_type_info.o)
                              c:/program files/microchip/xc32/v1.40/bin/bin/../../lib/gcc/pic32mx/4.8.3/../../../../pic32mx/lib/no-float\libsupc++.a(bad_alloc.o) (vtable for __cxxabiv1::__si_class_type_info)
c:/program files/microchip/xc32/v1.40/bin/bin/../../lib/gcc/pic32mx/4.8.3/../../../../pic32mx/lib/no-float\libsupc++.a(tinfo.o)
                              c:/program files/microchip/xc32/v1.40/bin/bin/../../lib/gcc/pic32mx/4.8.3/../../../../pic32mx/lib/no-float\libsupc++.a(si_class_type_info.o) (std::type_info::__is_pointer_p() const)
c:/program files/microchip/xc32/v1.40/bin/bin/../../lib/gcc/pic32mx/4.8.3/../../../../pic32mx/lib/no-float\libsupc++.a(class_type_info.o)
                              c:/program files/microchip/xc32/v1.40/bin/bin/../../lib/gcc/pic32mx/4.8.3/../../../../pic32mx/lib/no-float\libsupc++.a(si_class_type_info.o) (__cxxabiv1::__class_type_info::~__class_type_info())
c:/program files/microchip/xc32/v1.40/bin/bin/../../lib/gcc/pic32mx/4.8.3/../../../../pic32mx/lib/no-float\libsupc++.a(eh_catch.o)
                              c:/program files/microchip/xc32/v1.40/bin/bin/../../lib/gcc/pic32mx/4.8.3/../../../../pic32mx/lib/no-float\libsupc++.a(eh_terminate.o) (__cxa_begin_catch)
c:/program files/microchip/xc32/v1.40/bin/bin/../../lib/gcc/pic32mx/4.8.3/../../../../pic32mx/lib/no-float\libsupc++.a(eh_globals.o)
                              c:/program files/microchip/xc32/v1.40/bin/bin/../../lib/gcc/pic32mx/4.8.3/../../../../pic32mx/lib/no-float\libsupc++.a(eh_catch.o) (__cxa_get_globals_fast)
[...]
Memory Configuration

Name             Origin             Length             Attributes
kseg0_program_mem 0x9d000000         0x00040000         xr
kseg0_boot_mem   0x9fc00490         0x00000970
exception_mem    0x9fc01000         0x00001000
kseg1_boot_mem   0xbfc00000         0x00000490
debug_exec_mem   0xbfc02000         0x00000ff0
config3          0xbfc02ff0         0x00000004
config2          0xbfc02ff4         0x00000004
config1          0xbfc02ff8         0x00000004
config0          0xbfc02ffc         0x00000004
kseg1_data_mem   0xa0000000         0x00008000         w !x
sfrs             0xbf800000         0x00100000
configsfrs       0xbfc02ff0         0x00000010
*default*        0x00000000         0xffffffff

Linker script and memory map

LOAD c:/program files/microchip/xc32/v1.40/bin/bin/../../lib/gcc/pic32mx/4.8.3/../../../../pic32mx/lib/./proc/32MX440F256H/cpprt0_mips32r2.o
LOAD c:/program files/microchip/xc32/v1.40/bin/bin/../../lib/gcc/pic32mx/4.8.3/no-float/crti.o
LOAD c:/program files/microchip/xc32/v1.40/bin/bin/../../lib/gcc/pic32mx/4.8.3/no-float/crtbegin.o
LOAD build/PINGUINO/production/_ext/1472/Main.o
LOAD build/PINGUINO/production/_ext/1472/rtos_hooks.o
LOAD build/PINGUINO/production/_ext/1472/Config.o
LOAD build/PINGUINO/production/_ext/55825582/halSYS.o
LOAD build/PINGUINO/production/_ext/1705198617/system_init.o
LOAD build/PINGUINO/production/_ext/1705198617/app.o
LOAD build/PINGUINO/production/_ext/2012494728/eosUsbClient.o
LOAD build/PINGUINO/production/_ext/863068963/eosAppLoop.o
LOAD build/PINGUINO/production/_ext/1935080774/eosTask.o
LOAD build/PINGUINO/production/_ext/1315484212/eosApplication.o
LOAD build/PINGUINO/production/_ext/2129976512/tasks.o
LOAD build/PINGUINO/production/_ext/2129976512/queue.o
LOAD build/PINGUINO/production/_ext/2129976512/timers.o
LOAD build/PINGUINO/production/_ext/1298945782/port.o
LOAD build/PINGUINO/production/_ext/1298945782/port_asm.o
LOAD build/PINGUINO/production/_ext/696550819/heap_4.o
LOAD build/PINGUINO/production/_ext/2129976512/list.o
LOAD build/PINGUINO/production/_ext/1643514105/drv_usbfs.o
LOAD build/PINGUINO/production/_ext/1643514105/drv_usbfs_device.o
LOAD build/PINGUINO/production/_ext/1712295097/sys_int_pic32.o
LOAD build/PINGUINO/production/_ext/1663442938/usb_device_cdc.o
LOAD build/PINGUINO/production/_ext/1663442938/usb_device.o
LOAD build/PINGUINO/production/_ext/1663442938/usb_device_cdc_acm.o
LOAD ..\..\..\..\..\..\..\..\..\..\microchip\harmony\v1_07_01\bin\framework\peripheral\PIC32MX440F256H_peripherals.a
                0x00000001                __MPLAB_BUILD = 0x1
                0x00000800                _min_heap_size = 0x800
                0x00000400                _min_stack_size = 0x400
LOAD c:/program files/microchip/xc32/v1.40/bin/bin/../../lib/gcc/pic32mx/4.8.3/../../../../pic32mx/lib/no-float\libsupc++.a
LOAD c:/program files/microchip/xc32/v1.40/bin/bin/../../lib/gcc/pic32mx/4.8.3/../../../../pic32mx/lib/no-float\libxcpp.a
LOAD c:/program files/microchip/xc32/v1.40/bin/bin/../../lib/gcc/pic32mx/4.8.3/../../../../pic32mx/lib/./proc/32MX440F256H\default_isr_vectors.o
LOAD c:/program files/microchip/xc32/v1.40/bin/bin/../../lib/gcc/pic32mx/4.8.3/../../../../pic32mx/lib/no-float\pic32_software_reset.o
                0x00000400                PROVIDE (_min_stack_size, 0x400)
LOAD c:/program files/microchip/xc32/v1.40/bin/bin/../../lib/gcc/pic32mx/4.8.3/../../../../pic32mx/lib/./proc/32MX440F256H\processor.o
START GROUP
LOAD libmchp_peripheral.a
END GROUP
START GROUP
LOAD libmchp_peripheral_32MX440F256H.a
END GROUP
                0x00000001                PROVIDE (_vector_spacing, 0x1)
                0x9fc01000                _ebase_address = 0x9fc01000
                0xbfc00000                _RESET_ADDR = 0xbfc00000
                0xbfc00380                _BEV_EXCPT_ADDR = 0xbfc00380
                0xbfc00480                _DBG_EXCPT_ADDR = 0xbfc00480
                0xbfc02000                _DBG_CODE_ADDR = 0xbfc02000
                0x00000ff0                _DBG_CODE_SIZE = 0xff0
                0x9fc01180                _GEN_EXCPT_ADDR = (_ebase_address + 0x180)

.config_BFC02FF0
 *(.config_BFC02FF0)

.config_BFC02FF4
                0xbfc02ff4        0x4
 *(.config_BFC02FF4)
 .config_BFC02FF4
                0xbfc02ff4        0x4 build/PINGUINO/production/_ext/1472/Config.o

.config_BFC02FF8
                0xbfc02ff8        0x4
 *(.config_BFC02FF8)
 .config_BFC02FF8
                0xbfc02ff8        0x4 build/PINGUINO/production/_ext/1472/Config.o

.config_BFC02FFC
                0xbfc02ffc        0x4
 *(.config_BFC02FFC)
 .config_BFC02FFC
                0xbfc02ffc        0x4 build/PINGUINO/production/_ext/1472/Config.o
                0xbfc02000                PROVIDE (_DBG_CODE_ADDR, 0xbfc02000)
                0x00000ff0                PROVIDE (_DBG_CODE_SIZE, 0xff0)

.reset          0xbfc00000      0x1f4
 *(.reset)
 .reset         0xbfc00000        0x8 c:/program files/microchip/xc32/v1.40/bin/bin/../../lib/gcc/pic32mx/4.8.3/../../../../pic32mx/lib/./proc/32MX440F256H/cpprt0_mips32r2.o
                0xbfc00000                _reset
 *(.reset.startup)
 .reset.startup
                0xbfc00008      0x1ec c:/program files/microchip/xc32/v1.40/bin/bin/../../lib/gcc/pic32mx/4.8.3/../../../../pic32mx/lib/./proc/32MX440F256H/cpprt0_mips32r2.o

.bev_excpt      0xbfc00380       0x10
 *(.bev_handler)
 .bev_handler   0xbfc00380       0x10 c:/program files/microchip/xc32/v1.40/bin/bin/../../lib/gcc/pic32mx/4.8.3/../../../../pic32mx/lib/./proc/32MX440F256H/cpprt0_mips32r2.o

.dbg_excpt      0xbfc00480        0x0
                0xbfc00480                . = (. + DEFINED (_DEBUGGER)?0x8:0x0)

.dbg_code       0xbfc02000        0x0
                0xbfc02000                . = (. + DEFINED (_DEBUGGER)?_DBG_CODE_SIZE:0x0)

.app_excpt      0x9fc01180       0x10
 *(.gen_handler)
 .gen_handler   0x9fc01180       0x10 c:/program files/microchip/xc32/v1.40/bin/bin/../../lib/gcc/pic32mx/4.8.3/../../../../pic32mx/lib/./proc/32MX440F256H/cpprt0_mips32r2.o

.vector_0       0x9fc01200        0x8
 *(.vector_0)
 .vector_0      0x9fc01200        0x8 c:/program files/microchip/xc32/v1.40/bin/bin/../../lib/gcc/pic32mx/4.8.3/../../../../pic32mx/lib/no-float\libpic32.a(vector0.o)
                0x9fc01200                __vector_dispatch_0
                0x00000001                ASSERT (((_vector_spacing == 0x0) || (SIZEOF (.vector_0) <= (_vector_spacing << 0x5))), function at exception vector 0 too large)

.vector_1       0x9fc01220        0x8
 *(.vector_1)
 .vector_1      0x9fc01220        0x8 build/PINGUINO/production/_ext/1298945782/port.o
                0x9fc01220                __vector_dispatch_1
                0x00000001                ASSERT (((_vector_spacing == 0x0) || (SIZEOF (.vector_1) <= (_vector_spacing << 0x5))), function at exception vector 1 too large)

.vector_2       0x9fc01240        0x8
 *(.vector_2)
 .vector_2      0x9fc01240        0x8 c:/program files/microchip/xc32/v1.40/bin/bin/../../lib/gcc/pic32mx/4.8.3/../../../../pic32mx/lib/no-float\libpic32.a(vector2.o)
                0x9fc01240                __vector_dispatch_2
                0x00000001                ASSERT (((_vector_spacing == 0x0) || (SIZEOF (.vector_2) <= (_vector_spacing << 0x5))), function at exception vector 2 too large)

.vector_3       0x9fc01260        0x8
 *(.vector_3)
 .vector_3      0x9fc01260        0x8 c:/program files/microchip/xc32/v1.40/bin/bin/../../lib/gcc/pic32mx/4.8.3/../../../../pic32mx/lib/no-float\libpic32.a(vector3.o)
                0x9fc01260                __vector_dispatch_3
                0x00000001                ASSERT (((_vector_spacing == 0x0) || (SIZEOF (.vector_3) <= (_vector_spacing << 0x5))), function at exception vector 3 too large)

.vector_4       0x9fc01280        0x8
 *(.vector_4)
 .vector_4      0x9fc01280        0x8 build/PINGUINO/production/_ext/1298945782/port.o
                0x9fc01280                __vector_dispatch_4
                0x00000001                ASSERT (((_vector_spacing == 0x0) || (SIZEOF (.vector_4) <= (_vector_spacing << 0x5))), function at exception vector 4 too large)

.vector_5       0x9fc012a0        0x8
 *(.vector_5)
 .vector_5      0x9fc012a0        0x8 c:/program files/microchip/xc32/v1.40/bin/bin/../../lib/gcc/pic32mx/4.8.3/../../../../pic32mx/lib/no-float\libpic32.a(vector5.o)
                0x9fc012a0                __vector_dispatch_5
                0x00000001                ASSERT (((_vector_spacing == 0x0) || (SIZEOF (.vector_5) <= (_vector_spacing << 0x5))), function at exception vector 5 too large)

.vector_6       0x9fc012c0        0x8
 *(.vector_6)
 .vector_6      0x9fc012c0        0x8 c:/program files/microchip/xc32/v1.40/bin/bin/../../lib/gcc/pic32mx/4.8.3/../../../../pic32mx/lib/no-float\libpic32.a(vector6.o)
                0x9fc012c0                __vector_dispatch_6
                0x00000001                ASSERT (((_vector_spacing == 0x0) || (SIZEOF (.vector_6) <= (_vector_spacing << 0x5))), function at exception vector 6 too large)

.vector_7       0x9fc012e0        0x8
 *(.vector_7)
 .vector_7      0x9fc012e0        0x8 c:/program files/microchip/xc32/v1.40/bin/bin/../../lib/gcc/pic32mx/4.8.3/../../../../pic32mx/lib/no-float\libpic32.a(vector7.o)
                0x9fc012e0                __vector_dispatch_7
                0x00000001                ASSERT (((_vector_spacing == 0x0) || (SIZEOF (.vector_7) <= (_vector_spacing << 0x5))), function at exception vector 7 too large)

.vector_8       0x9fc01300        0x8
 *(.vector_8)
 .vector_8      0x9fc01300        0x8 c:/program files/microchip/xc32/v1.40/bin/bin/../../lib/gcc/pic32mx/4.8.3/../../../../pic32mx/lib/no-float\libpic32.a(vector8.o)
                0x9fc01300                __vector_dispatch_8
                0x00000001                ASSERT (((_vector_spacing == 0x0) || (SIZEOF (.vector_8) <= (_vector_spacing << 0x5))), function at exception vector 8 too large)

.vector_9       0x9fc01320        0x8
 *(.vector_9)
 .vector_9      0x9fc01320        0x8 c:/program files/microchip/xc32/v1.40/bin/bin/../../lib/gcc/pic32mx/4.8.3/../../../../pic32mx/lib/no-float\libpic32.a(vector9.o)
                0x9fc01320                __vector_dispatch_9
                0x00000001                ASSERT (((_vector_spacing == 0x0) || (SIZEOF (.vector_9) <= (_vector_spacing << 0x5))), function at exception vector 9 too large)

.vector_10      0x9fc01340        0x8
 *(.vector_10)
 .vector_10     0x9fc01340        0x8 c:/program files/microchip/xc32/v1.40/bin/bin/../../lib/gcc/pic32mx/4.8.3/../../../../pic32mx/lib/no-float\libpic32.a(vector10.o)
                0x9fc01340                __vector_dispatch_10
                0x00000001                ASSERT (((_vector_spacing == 0x0) || (SIZEOF (.vector_10) <= (_vector_spacing << 0x5))), function at exception vector 10 too large)

.vector_11      0x9fc01360        0x8
 *(.vector_11)
 .vector_11     0x9fc01360        0x8 c:/program files/microchip/xc32/v1.40/bin/bin/../../lib/gcc/pic32mx/4.8.3/../../../../pic32mx/lib/no-float\libpic32.a(vector11.o)
                0x9fc01360                __vector_dispatch_11
                0x00000001                ASSERT (((_vector_spacing == 0x0) || (SIZEOF (.vector_11) <= (_vector_spacing << 0x5))), function at exception vector 11 too large)

.vector_12      0x9fc01380        0x8
 *(.vector_12)
 .vector_12     0x9fc01380        0x8 c:/program files/microchip/xc32/v1.40/bin/bin/../../lib/gcc/pic32mx/4.8.3/../../../../pic32mx/lib/no-float\libpic32.a(vector12.o)
                0x9fc01380                __vector_dispatch_12
                0x00000001                ASSERT (((_vector_spacing == 0x0) || (SIZEOF (.vector_12) <= (_vector_spacing << 0x5))), function at exception vector 12 too large)

.vector_13      0x9fc013a0        0x8
 *(.vector_13)
 .vector_13     0x9fc013a0        0x8 c:/program files/microchip/xc32/v1.40/bin/bin/../../lib/gcc/pic32mx/4.8.3/../../../../pic32mx/lib/no-float\libpic32.a(vector13.o)
                0x9fc013a0                __vector_dispatch_13
                0x00000001                ASSERT (((_vector_spacing == 0x0) || (SIZEOF (.vector_13) <= (_vector_spacing << 0x5))), function at exception vector 13 too large)

.vector_14      0x9fc013c0        0x8
 *(.vector_14)
 .vector_14     0x9fc013c0        0x8 c:/program files/microchip/xc32/v1.40/bin/bin/../../lib/gcc/pic32mx/4.8.3/../../../../pic32mx/lib/no-float\libpic32.a(vector14.o)
                0x9fc013c0                __vector_dispatch_14
                0x00000001                ASSERT (((_vector_spacing == 0x0) || (SIZEOF (.vector_14) <= (_vector_spacing << 0x5))), function at exception vector 14 too large)

.vector_15      0x9fc013e0        0x8
 *(.vector_15)
 .vector_15     0x9fc013e0        0x8 c:/program files/microchip/xc32/v1.40/bin/bin/../../lib/gcc/pic32mx/4.8.3/../../../../pic32mx/lib/no-float\libpic32.a(vector15.o)
                0x9fc013e0                __vector_dispatch_15
                0x00000001                ASSERT (((_vector_spacing == 0x0) || (SIZEOF (.vector_15) <= (_vector_spacing << 0x5))), function at exception vector 15 too large)

.vector_16      0x9fc01400        0x8
 *(.vector_16)
 .vector_16     0x9fc01400        0x8 c:/program files/microchip/xc32/v1.40/bin/bin/../../lib/gcc/pic32mx/4.8.3/../../../../pic32mx/lib/no-float\libpic32.a(vector16.o)
                0x9fc01400                __vector_dispatch_16
                0x00000001                ASSERT (((_vector_spacing == 0x0) || (SIZEOF (.vector_16) <= (_vector_spacing << 0x5))), function at exception vector 16 too large)

.vector_17      0x9fc01420        0x8
 *(.vector_17)
 .vector_17     0x9fc01420        0x8 c:/program files/microchip/xc32/v1.40/bin/bin/../../lib/gcc/pic32mx/4.8.3/../../../../pic32mx/lib/no-float\libpic32.a(vector17.o)
                0x9fc01420                __vector_dispatch_17
                0x00000001                ASSERT (((_vector_spacing == 0x0) || (SIZEOF (.vector_17) <= (_vector_spacing << 0x5))), function at exception vector 17 too large)

.vector_18      0x9fc01440        0x8
 *(.vector_18)
 .vector_18     0x9fc01440        0x8 c:/program files/microchip/xc32/v1.40/bin/bin/../../lib/gcc/pic32mx/4.8.3/../../../../pic32mx/lib/no-float\libpic32.a(vector18.o)
                0x9fc01440                __vector_dispatch_18
                0x00000001                ASSERT (((_vector_spacing == 0x0) || (SIZEOF (.vector_18) <= (_vector_spacing << 0x5))), function at exception vector 18 too large)

.vector_19      0x9fc01460        0x8
 *(.vector_19)
 .vector_19     0x9fc01460        0x8 c:/program files/microchip/xc32/v1.40/bin/bin/../../lib/gcc/pic32mx/4.8.3/../../../../pic32mx/lib/no-float\libpic32.a(vector19.o)
                0x9fc01460                __vector_dispatch_19
                0x00000001                ASSERT (((_vector_spacing == 0x0) || (SIZEOF (.vector_19) <= (_vector_spacing << 0x5))), function at exception vector 19 too large)

.vector_20      0x9fc01480        0x8
 *(.vector_20)
 .vector_20     0x9fc01480        0x8 c:/program files/microchip/xc32/v1.40/bin/bin/../../lib/gcc/pic32mx/4.8.3/../../../../pic32mx/lib/no-float\libpic32.a(vector20.o)
                0x9fc01480                __vector_dispatch_20
                0x00000001                ASSERT (((_vector_spacing == 0x0) || (SIZEOF (.vector_20) <= (_vector_spacing << 0x5))), function at exception vector 20 too large)

.vector_21      0x9fc014a0        0x8
 *(.vector_21)
 .vector_21     0x9fc014a0        0x8 c:/program files/microchip/xc32/v1.40/bin/bin/../../lib/gcc/pic32mx/4.8.3/../../../../pic32mx/lib/no-float\libpic32.a(vector21.o)
                0x9fc014a0                __vector_dispatch_21
                0x00000001                ASSERT (((_vector_spacing == 0x0) || (SIZEOF (.vector_21) <= (_vector_spacing << 0x5))), function at exception vector 21 too large)

.vector_22      0x9fc014c0        0x8
 *(.vector_22)
 .vector_22     0x9fc014c0        0x8 c:/program files/microchip/xc32/v1.40/bin/bin/../../lib/gcc/pic32mx/4.8.3/../../../../pic32mx/lib/no-float\libpic32.a(vector22.o)
                0x9fc014c0                __vector_dispatch_22
                0x00000001                ASSERT (((_vector_spacing == 0x0) || (SIZEOF (.vector_22) <= (_vector_spacing << 0x5))), function at exception vector 22 too large)

.vector_23      0x9fc014e0        0x8
 *(.vector_23)
 .vector_23     0x9fc014e0        0x8 c:/program files/microchip/xc32/v1.40/bin/bin/../../lib/gcc/pic32mx/4.8.3/../../../../pic32mx/lib/no-float\libpic32.a(vector23.o)
                0x9fc014e0                __vector_dispatch_23
                0x00000001                ASSERT (((_vector_spacing == 0x0) || (SIZEOF (.vector_23) <= (_vector_spacing << 0x5))), function at exception vector 23 too large)

.vector_24      0x9fc01500        0x8
 *(.vector_24)
 .vector_24     0x9fc01500        0x8 c:/program files/microchip/xc32/v1.40/bin/bin/../../lib/gcc/pic32mx/4.8.3/../../../../pic32mx/lib/no-float\libpic32.a(vector24.o)
                0x9fc01500                __vector_dispatch_24
                0x00000001                ASSERT (((_vector_spacing == 0x0) || (SIZEOF (.vector_24) <= (_vector_spacing << 0x5))), function at exception vector 24 too large)

.vector_25      0x9fc01520        0x8
 *(.vector_25)
 .vector_25     0x9fc01520        0x8 c:/program files/microchip/xc32/v1.40/bin/bin/../../lib/gcc/pic32mx/4.8.3/../../../../pic32mx/lib/no-float\libpic32.a(vector25.o)
                0x9fc01520                __vector_dispatch_25
                0x00000001                ASSERT (((_vector_spacing == 0x0) || (SIZEOF (.vector_25) <= (_vector_spacing << 0x5))), function at exception vector 25 too large)

.vector_26      0x9fc01540        0x8
 *(.vector_26)
 .vector_26     0x9fc01540        0x8 c:/program files/microchip/xc32/v1.40/bin/bin/../../lib/gcc/pic32mx/4.8.3/../../../../pic32mx/lib/no-float\libpic32.a(vector26.o)
                0x9fc01540                __vector_dispatch_26
                0x00000001                ASSERT (((_vector_spacing == 0x0) || (SIZEOF (.vector_26) <= (_vector_spacing << 0x5))), function at exception vector 26 too large)

.vector_27      0x9fc01560        0x8
 *(.vector_27)
 .vector_27     0x9fc01560        0x8 c:/program files/microchip/xc32/v1.40/bin/bin/../../lib/gcc/pic32mx/4.8.3/../../../../pic32mx/lib/no-float\libpic32.a(vector27.o)
                0x9fc01560                __vector_dispatch_27
                0x00000001                ASSERT (((_vector_spacing == 0x0) || (SIZEOF (.vector_27) <= (_vector_spacing << 0x5))), function at exception vector 27 too large)

.vector_28      0x9fc01580        0x8
 *(.vector_28)
 .vector_28     0x9fc01580        0x8 c:/program files/microchip/xc32/v1.40/bin/bin/../../lib/gcc/pic32mx/4.8.3/../../../../pic32mx/lib/no-float\libpic32.a(vector28.o)
                0x9fc01580                __vector_dispatch_28
                0x00000001                ASSERT (((_vector_spacing == 0x0) || (SIZEOF (.vector_28) <= (_vector_spacing << 0x5))), function at exception vector 28 too large)

.vector_29      0x9fc015a0        0x8
 *(.vector_29)
 .vector_29     0x9fc015a0        0x8 c:/program files/microchip/xc32/v1.40/bin/bin/../../lib/gcc/pic32mx/4.8.3/../../../../pic32mx/lib/no-float\libpic32.a(vector29.o)
                0x9fc015a0                __vector_dispatch_29
                0x00000001                ASSERT (((_vector_spacing == 0x0) || (SIZEOF (.vector_29) <= (_vector_spacing << 0x5))), function at exception vector 29 too large)

.vector_30      0x9fc015c0        0x8
 *(.vector_30)
 .vector_30     0x9fc015c0        0x8 c:/program files/microchip/xc32/v1.40/bin/bin/../../lib/gcc/pic32mx/4.8.3/../../../../pic32mx/lib/no-float\libpic32.a(vector30.o)
                0x9fc015c0                __vector_dispatch_30
                0x00000001                ASSERT (((_vector_spacing == 0x0) || (SIZEOF (.vector_30) <= (_vector_spacing << 0x5))), function at exception vector 30 too large)

.vector_31      0x9fc015e0        0x8
 *(.vector_31)
 .vector_31     0x9fc015e0        0x8 c:/program files/microchip/xc32/v1.40/bin/bin/../../lib/gcc/pic32mx/4.8.3/../../../../pic32mx/lib/no-float\libpic32.a(vector31.o)
                0x9fc015e0                __vector_dispatch_31
                0x00000001                ASSERT (((_vector_spacing == 0x0) || (SIZEOF (.vector_31) <= (_vector_spacing << 0x5))), function at exception vector 31 too large)

.vector_32      0x9fc01600        0x8
 *(.vector_32)
 .vector_32     0x9fc01600        0x8 c:/program files/microchip/xc32/v1.40/bin/bin/../../lib/gcc/pic32mx/4.8.3/../../../../pic32mx/lib/no-float\libpic32.a(vector32.o)
                0x9fc01600                __vector_dispatch_32
                0x00000001                ASSERT (((_vector_spacing == 0x0) || (SIZEOF (.vector_32) <= (_vector_spacing << 0x5))), function at exception vector 32 too large)

.vector_33      0x9fc01620        0x8
 *(.vector_33)
 .vector_33     0x9fc01620        0x8 c:/program files/microchip/xc32/v1.40/bin/bin/../../lib/gcc/pic32mx/4.8.3/../../../../pic32mx/lib/no-float\libpic32.a(vector33.o)
                0x9fc01620                __vector_dispatch_33
                0x00000001                ASSERT (((_vector_spacing == 0x0) || (SIZEOF (.vector_33) <= (_vector_spacing << 0x5))), function at exception vector 33 too large)

.vector_34      0x9fc01640        0x8
 *(.vector_34)
 .vector_34     0x9fc01640        0x8 c:/program files/microchip/xc32/v1.40/bin/bin/../../lib/gcc/pic32mx/4.8.3/../../../../pic32mx/lib/no-float\libpic32.a(vector34.o)
                0x9fc01640                __vector_dispatch_34
                0x00000001                ASSERT (((_vector_spacing == 0x0) || (SIZEOF (.vector_34) <= (_vector_spacing << 0x5))), function at exception vector 34 too large)

.vector_35      0x9fc01660        0x8
 *(.vector_35)
 .vector_35     0x9fc01660        0x8 c:/program files/microchip/xc32/v1.40/bin/bin/../../lib/gcc/pic32mx/4.8.3/../../../../pic32mx/lib/no-float\libpic32.a(vector35.o)
                0x9fc01660                __vector_dispatch_35
                0x00000001                ASSERT (((_vector_spacing == 0x0) || (SIZEOF (.vector_35) <= (_vector_spacing << 0x5))), function at exception vector 35 too large)

.vector_36      0x9fc01680        0x8
 *(.vector_36)
 .vector_36     0x9fc01680        0x8 c:/program files/microchip/xc32/v1.40/bin/bin/../../lib/gcc/pic32mx/4.8.3/../../../../pic32mx/lib/no-float\libpic32.a(vector36.o)
                0x9fc01680                __vector_dispatch_36
                0x00000001                ASSERT (((_vector_spacing == 0x0) || (SIZEOF (.vector_36) <= (_vector_spacing << 0x5))), function at exception vector 36 too large)

.vector_37      0x9fc016a0        0x8
 *(.vector_37)
 .vector_37     0x9fc016a0        0x8 c:/program files/microchip/xc32/v1.40/bin/bin/../../lib/gcc/pic32mx/4.8.3/../../../../pic32mx/lib/no-float\libpic32.a(vector37.o)
                0x9fc016a0                __vector_dispatch_37
                0x00000001                ASSERT (((_vector_spacing == 0x0) || (SIZEOF (.vector_37) <= (_vector_spacing << 0x5))), function at exception vector 37 too large)

.vector_38      0x9fc016c0        0x8
 *(.vector_38)
 .vector_38     0x9fc016c0        0x8 c:/program files/microchip/xc32/v1.40/bin/bin/../../lib/gcc/pic32mx/4.8.3/../../../../pic32mx/lib/no-float\libpic32.a(vector38.o)
                0x9fc016c0                __vector_dispatch_38
                0x00000001                ASSERT (((_vector_spacing == 0x0) || (SIZEOF (.vector_38) <= (_vector_spacing << 0x5))), function at exception vector 38 too large)

.vector_39      0x9fc016e0        0x8
 *(.vector_39)
 .vector_39     0x9fc016e0        0x8 c:/program files/microchip/xc32/v1.40/bin/bin/../../lib/gcc/pic32mx/4.8.3/../../../../pic32mx/lib/no-float\libpic32.a(vector39.o)
                0x9fc016e0                __vector_dispatch_39
                0x00000001                ASSERT (((_vector_spacing == 0x0) || (SIZEOF (.vector_39) <= (_vector_spacing << 0x5))), function at exception vector 39 too large)

.vector_40      0x9fc01700        0x8
 *(.vector_40)
 .vector_40     0x9fc01700        0x8 c:/program files/microchip/xc32/v1.40/bin/bin/../../lib/gcc/pic32mx/4.8.3/../../../../pic32mx/lib/no-float\libpic32.a(vector40.o)
                0x9fc01700                __vector_dispatch_40
                0x00000001                ASSERT (((_vector_spacing == 0x0) || (SIZEOF (.vector_40) <= (_vector_spacing << 0x5))), function at exception vector 40 too large)

.vector_41      0x9fc01720        0x8
 *(.vector_41)
 .vector_41     0x9fc01720        0x8 c:/program files/microchip/xc32/v1.40/bin/bin/../../lib/gcc/pic32mx/4.8.3/../../../../pic32mx/lib/no-float\libpic32.a(vector41.o)
                0x9fc01720                __vector_dispatch_41
                0x00000001                ASSERT (((_vector_spacing == 0x0) || (SIZEOF (.vector_41) <= (_vector_spacing << 0x5))), function at exception vector 41 too large)

.vector_42      0x9fc01740        0x8
 *(.vector_42)
 .vector_42     0x9fc01740        0x8 c:/program files/microchip/xc32/v1.40/bin/bin/../../lib/gcc/pic32mx/4.8.3/../../../../pic32mx/lib/no-float\libpic32.a(vector42.o)
                0x9fc01740                __vector_dispatch_42
                0x00000001                ASSERT (((_vector_spacing == 0x0) || (SIZEOF (.vector_42) <= (_vector_spacing << 0x5))), function at exception vector 42 too large)

.vector_43      0x9fc01760        0x8
 *(.vector_43)
 .vector_43     0x9fc01760        0x8 c:/program files/microchip/xc32/v1.40/bin/bin/../../lib/gcc/pic32mx/4.8.3/../../../../pic32mx/lib/no-float\libpic32.a(vector43.o)
                0x9fc01760                __vector_dispatch_43
                0x00000001                ASSERT (((_vector_spacing == 0x0) || (SIZEOF (.vector_43) <= (_vector_spacing << 0x5))), function at exception vector 43 too large)

.vector_44      0x9fc01780        0x8
 *(.vector_44)
 .vector_44     0x9fc01780        0x8 c:/program files/microchip/xc32/v1.40/bin/bin/../../lib/gcc/pic32mx/4.8.3/../../../../pic32mx/lib/no-float\libpic32.a(vector44.o)
                0x9fc01780                __vector_dispatch_44
                0x00000001                ASSERT (((_vector_spacing == 0x0) || (SIZEOF (.vector_44) <= (_vector_spacing << 0x5))), function at exception vector 44 too large)

.vector_45      0x9fc017a0        0x8
 *(.vector_45)
 .vector_45     0x9fc017a0        0x8 build/PINGUINO/production/_ext/1705198617/system_init.o
                0x9fc017a0                __vector_dispatch_45
                0x00000001                ASSERT (((_vector_spacing == 0x0) || (SIZEOF (.vector_45) <= (_vector_spacing << 0x5))), function at exception vector 45 too large)

.vector_46      0x9fc017c0        0x0
 *(.vector_46)
                0x00000001                ASSERT (((_vector_spacing == 0x0) || (SIZEOF (.vector_46) <= (_vector_spacing << 0x5))), function at exception vector 46 too large)

.vector_47      0x9fc017e0        0x0
 *(.vector_47)
                0x00000001                ASSERT (((_vector_spacing == 0x0) || (SIZEOF (.vector_47) <= (_vector_spacing << 0x5))), function at exception vector 47 too large)

.vector_48      0x9fc01800        0x0
 *(.vector_48)
                0x00000001                ASSERT (((_vector_spacing == 0x0) || (SIZEOF (.vector_48) <= (_vector_spacing << 0x5))), function at exception vector 48 too large)

.vector_49      0x9fc01820        0x0
 *(.vector_49)
                0x00000001                ASSERT (((_vector_spacing == 0x0) || (SIZEOF (.vector_49) <= (_vector_spacing << 0x5))), function at exception vector 49 too large)

.vector_50      0x9fc01840        0x0
 *(.vector_50)
                0x00000001                ASSERT (((_vector_spacing == 0x0) || (SIZEOF (.vector_50) <= (_vector_spacing << 0x5))), function at exception vector 50 too large)

.vector_51      0x9fc01860        0x0
 *(.vector_51)
                0x00000001                ASSERT (((_vector_spacing == 0x0) || (SIZEOF (.vector_51) <= (_vector_spacing << 0x5))), function at exception vector 51 too large)

.vector_52      0x9fc01880        0x0
 *(.vector_52)
                0x00000001                ASSERT (((_vector_spacing == 0x0) || (SIZEOF (.vector_52) <= (_vector_spacing << 0x5))), function at exception vector 52 too large)

.vector_53      0x9fc018a0        0x0
 *(.vector_53)
                0x00000001                ASSERT (((_vector_spacing == 0x0) || (SIZEOF (.vector_53) <= (_vector_spacing << 0x5))), function at exception vector 53 too large)

.vector_54      0x9fc018c0        0x0
 *(.vector_54)
                0x00000001                ASSERT (((_vector_spacing == 0x0) || (SIZEOF (.vector_54) <= (_vector_spacing << 0x5))), function at exception vector 54 too large)

.vector_55      0x9fc018e0        0x0
 *(.vector_55)
                0x00000001                ASSERT (((_vector_spacing == 0x0) || (SIZEOF (.vector_55) <= (_vector_spacing << 0x5))), function at exception vector 55 too large)

.vector_56      0x9fc01900        0x0
 *(.vector_56)
                0x00000001                ASSERT (((_vector_spacing == 0x0) || (SIZEOF (.vector_56) <= (_vector_spacing << 0x5))), function at exception vector 56 too large)

.vector_57      0x9fc01920        0x0
 *(.vector_57)
                0x00000001                ASSERT (((_vector_spacing == 0x0) || (SIZEOF (.vector_57) <= (_vector_spacing << 0x5))), function at exception vector 57 too large)

.vector_58      0x9fc01940        0x0
 *(.vector_58)
                0x00000001                ASSERT (((_vector_spacing == 0x0) || (SIZEOF (.vector_58) <= (_vector_spacing << 0x5))), function at exception vector 58 too large)

.vector_59      0x9fc01960        0x0
 *(.vector_59)
                0x00000001                ASSERT (((_vector_spacing == 0x0) || (SIZEOF (.vector_59) <= (_vector_spacing << 0x5))), function at exception vector 59 too large)

.vector_60      0x9fc01980        0x0
 *(.vector_60)
                0x00000001                ASSERT (((_vector_spacing == 0x0) || (SIZEOF (.vector_60) <= (_vector_spacing << 0x5))), function at exception vector 60 too large)

.vector_61      0x9fc019a0        0x0
 *(.vector_61)
                0x00000001                ASSERT (((_vector_spacing == 0x0) || (SIZEOF (.vector_61) <= (_vector_spacing << 0x5))), function at exception vector 61 too large)

.vector_62      0x9fc019c0        0x0
 *(.vector_62)
                0x00000001                ASSERT (((_vector_spacing == 0x0) || (SIZEOF (.vector_62) <= (_vector_spacing << 0x5))), function at exception vector 62 too large)

.vector_63      0x9fc019e0        0x0
 *(.vector_63)
                0x00000001                ASSERT (((_vector_spacing == 0x0) || (SIZEOF (.vector_63) <= (_vector_spacing << 0x5))), function at exception vector 63 too large)

.startup
 *(.startup)

.text           0x9d000000      0x624
 *(.stub .gnu.linkonce.t.*)
 .gnu.linkonce.t._ZN3eos11Application9onExecuteEv
                0x9d000000       0x24 build/PINGUINO/production/_ext/1472/Main.o
                0x9d000000                eos::Application::onExecute()
 .gnu.linkonce.t._ZN3eos11Application12onInitializeEv
                0x9d000024       0x24 build/PINGUINO/production/_ext/1472/Main.o
                0x9d000024                eos::Application::onInitialize()
 .gnu.linkonce.t._ZN3eos11Application11onTerminateEv
                0x9d000048       0x24 build/PINGUINO/production/_ext/1472/Main.o
                0x9d000048                eos::Application::onTerminate()
 .gnu.linkonce.t._ZN16MyAppLoopServiceC1Ev
                0x9d00006c       0x4c build/PINGUINO/production/_ext/1472/Main.o
                0x9d00006c                MyAppLoopService::MyAppLoopService()
 .gnu.linkonce.t._ZN3eos8IRunableC2Ev
                0x9d0000b8       0x34 build/PINGUINO/production/_ext/2012494728/eosUsbClient.o
                0x9d0000b8                eos::IRunable::IRunable()
 *(.text.*personality*)
 .text.__gxx_personality_sj0
                0x9d0000ec      0x538 c:/program files/microchip/xc32/v1.40/bin/bin/../../lib/gcc/pic32mx/4.8.3/../../../../pic32mx/lib/no-float\libsupc++.a(eh_personality.o)
                0x9d0000ec                __gxx_personality_sj0
 *(.mips16.fn.*)
 *(.mips16.call.*)
 *(.gnu.warning)
                0x9d000624                . = ALIGN (0x4)

.init           0x9d000624       0x24
 *crti.o(.init)
 .init          0x9d000624        0x8 c:/program files/microchip/xc32/v1.40/bin/bin/../../lib/gcc/pic32mx/4.8.3/no-float/crti.o
                0x9d000624                _init
 *crtbegin.o(.init)
 .init          0x9d00062c        0x8 c:/program files/microchip/xc32/v1.40/bin/bin/../../lib/gcc/pic32mx/4.8.3/no-float/crtbegin.o
 *(EXCLUDE_FILE(*crtn.o *crtend?.o *crtend.o) .init)
 *crtend.o(.init)
 .init          0x9d000634        0x8 c:/program files/microchip/xc32/v1.40/bin/bin/../../lib/gcc/pic32mx/4.8.3/no-float/crtend.o
 *crtn.o(.init)
 .init          0x9d00063c        0xc c:/program files/microchip/xc32/v1.40/bin/bin/../../lib/gcc/pic32mx/4.8.3/no-float/crtn.o
                0x9d000648                . = ALIGN (0x4)

.fini           0x9d000648       0x1c
 *(.fini)
 .fini          0x9d000648        0x8 c:/program files/microchip/xc32/v1.40/bin/bin/../../lib/gcc/pic32mx/4.8.3/no-float/crti.o
                0x9d000648                _fini
 .fini          0x9d000650        0x8 c:/program files/microchip/xc32/v1.40/bin/bin/../../lib/gcc/pic32mx/4.8.3/no-float/crtbegin.o
 .fini          0x9d000658        0xc c:/program files/microchip/xc32/v1.40/bin/bin/../../lib/gcc/pic32mx/4.8.3/no-float/crtn.o
                0x9d000664                . = ALIGN (0x4)

.preinit_array  0x9d000664        0x0
                0x9d000664                PROVIDE (__preinit_array_start, .)
 *(.preinit_array)
                0x9d000664                PROVIDE (__preinit_array_end, .)
                0x9d000664                . = ALIGN (0x4)

.init_array     0x9d000664        0x0
                0x9d000664                PROVIDE (__init_array_start, .)
 *(SORT(.init_array.*))
 *(.init_array)
                0x9d000664                PROVIDE (__init_array_end, .)
                0x9d000664                . = ALIGN (0x4)

.fini_array     0x9d000664        0x0
                0x9d000664                PROVIDE (__fini_array_start, .)
 *(SORT(.fini_array.*))
 *(.fini_array)
                0x9d000664                PROVIDE (__fini_array_end, .)
                0x9d000664                . = ALIGN (0x4)

.ctors          0x9d000664        0x8
 *crtbegin.o(.ctors)
 .ctors         0x9d000664        0x4 c:/program files/microchip/xc32/v1.40/bin/bin/../../lib/gcc/pic32mx/4.8.3/no-float/crtbegin.o
 *crtbegin?.o(.ctors)
 *(EXCLUDE_FILE(*crtend?.o *crtend.o) .ctors)
 *(SORT(.ctors.*))
 *(.ctors)
 .ctors         0x9d000668        0x4 c:/program files/microchip/xc32/v1.40/bin/bin/../../lib/gcc/pic32mx/4.8.3/no-float/crtend.o
                0x9d00066c                . = ALIGN (0x4)

.dtors          0x9d00066c        0x8
 *crtbegin.o(.dtors)
 .dtors         0x9d00066c        0x4 c:/program files/microchip/xc32/v1.40/bin/bin/../../lib/gcc/pic32mx/4.8.3/no-float/crtbegin.o
 *crtbegin?.o(.dtors)
 *(EXCLUDE_FILE(*crtend?.o *crtend.o) .dtors)
 *(SORT(.dtors.*))
 *(.dtors)
 .dtors         0x9d000670        0x4 c:/program files/microchip/xc32/v1.40/bin/bin/../../lib/gcc/pic32mx/4.8.3/no-float/crtend.o
                0x9d000670                __DTOR_END__
                0x9d000674                . = ALIGN (0x4)

.rodata         0x9d000674      0x21c
 *(.gnu.linkonce.r.*)
 .gnu.linkonce.r._ZTV16MyAppLoopService
                0x9d000674       0x14 build/PINGUINO/production/_ext/1472/Main.o
                0x9d000674                vtable for MyAppLoopService
 .gnu.linkonce.r._ZTV13MyApplication
                0x9d000688       0x14 build/PINGUINO/production/_ext/1472/Main.o
                0x9d000688                vtable for MyApplication
 .gnu.linkonce.r._ZTVN3eos16UsbClientServiceE
                0x9d00069c        0xc build/PINGUINO/production/_ext/2012494728/eosUsbClient.o
                0x9d00069c                vtable for eos::UsbClientService
 .gnu.linkonce.r._ZTVN3eos8IRunableE
                0x9d0006a8        0xc build/PINGUINO/production/_ext/2012494728/eosUsbClient.o
                0x9d0006a8                vtable for eos::IRunable
 .gnu.linkonce.r._ZTVN3eos14AppLoopServiceE
                0x9d0006b4       0x14 build/PINGUINO/production/_ext/863068963/eosAppLoop.o
                0x9d0006b4                vtable for eos::AppLoopService
 .gnu.linkonce.r._ZTVN3eos4TaskE
                0x9d0006c8       0x10 build/PINGUINO/production/_ext/1935080774/eosTask.o
                0x9d0006c8                vtable for eos::Task
 .gnu.linkonce.r._ZTVN3eos11ApplicationE
                0x9d0006d8       0x14 build/PINGUINO/production/_ext/1315484212/eosApplication.o
                0x9d0006d8                vtable for eos::Application
 .gnu.linkonce.r._ZTVSt9bad_alloc._ZTVSt9bad_alloc
                0x9d0006ec       0x14 c:/program files/microchip/xc32/v1.40/bin/bin/../../lib/gcc/pic32mx/4.8.3/../../../../pic32mx/lib/no-float\libsupc++.a(bad_alloc.o)
                0x9d0006ec                vtable for std::bad_alloc
 .gnu.linkonce.r._ZTISt9bad_alloc._ZTISt9bad_alloc
                0x9d000700        0xc c:/program files/microchip/xc32/v1.40/bin/bin/../../lib/gcc/pic32mx/4.8.3/../../../../pic32mx/lib/no-float\libsupc++.a(bad_alloc.o)
                0x9d000700                typeinfo for std::bad_alloc
 .gnu.linkonce.r._ZTSSt9bad_alloc._ZTSSt9bad_alloc
                0x9d00070c       0x10 c:/program files/microchip/xc32/v1.40/bin/bin/../../lib/gcc/pic32mx/4.8.3/../../../../pic32mx/lib/no-float\libsupc++.a(bad_alloc.o)
                0x9d00070c                typeinfo name for std::bad_alloc
 .gnu.linkonce.r._ZTVSt9exception._ZTVSt9exception
                0x9d00071c       0x14 c:/program files/microchip/xc32/v1.40/bin/bin/../../lib/gcc/pic32mx/4.8.3/../../../../pic32mx/lib/no-float\libsupc++.a(eh_exception.o)
                0x9d00071c                vtable for std::exception
 .gnu.linkonce.r._ZTIN10__cxxabiv119__foreign_exceptionE._ZTIN10__cxxabiv119__foreign_exceptionE
                0x9d000730        0x8 c:/program files/microchip/xc32/v1.40/bin/bin/../../lib/gcc/pic32mx/4.8.3/../../../../pic32mx/lib/no-float\libsupc++.a(eh_exception.o)
                0x9d000730                typeinfo for __cxxabiv1::__foreign_exception
 .gnu.linkonce.r._ZTSN10__cxxabiv119__foreign_exceptionE._ZTSN10__cxxabiv119__foreign_exceptionE
                0x9d000738       0x24 c:/program files/microchip/xc32/v1.40/bin/bin/../../lib/gcc/pic32mx/4.8.3/../../../../pic32mx/lib/no-float\libsupc++.a(eh_exception.o)
                0x9d000738                typeinfo name for __cxxabiv1::__foreign_exception
 .gnu.linkonce.r._ZTIN10__cxxabiv115__forced_unwindE._ZTIN10__cxxabiv115__forced_unwindE
                0x9d00075c        0x8 c:/program files/microchip/xc32/v1.40/bin/bin/../../lib/gcc/pic32mx/4.8.3/../../../../pic32mx/lib/no-float\libsupc++.a(eh_exception.o)
                0x9d00075c                typeinfo for __cxxabiv1::__forced_unwind
 .gnu.linkonce.r._ZTSN10__cxxabiv115__forced_unwindE._ZTSN10__cxxabiv115__forced_unwindE
                0x9d000764       0x20 c:/program files/microchip/xc32/v1.40/bin/bin/../../lib/gcc/pic32mx/4.8.3/../../../../pic32mx/lib/no-float\libsupc++.a(eh_exception.o)
                0x9d000764                typeinfo name for __cxxabiv1::__forced_unwind
 .gnu.linkonce.r._ZTISt9exception._ZTISt9exception
                0x9d000784        0x8 c:/program files/microchip/xc32/v1.40/bin/bin/../../lib/gcc/pic32mx/4.8.3/../../../../pic32mx/lib/no-float\libsupc++.a(eh_exception.o)
                0x9d000784                typeinfo for std::exception
 .gnu.linkonce.r._ZTSSt9exception._ZTSSt9exception
                0x9d00078c       0x10 c:/program files/microchip/xc32/v1.40/bin/bin/../../lib/gcc/pic32mx/4.8.3/../../../../pic32mx/lib/no-float\libsupc++.a(eh_exception.o)
                0x9d00078c                typeinfo name for std::exception
 .gnu.linkonce.r._ZTVN10__cxxabiv120__si_class_type_infoE._ZTVN10__cxxabiv120__si_class_type_infoE
                0x9d00079c       0x2c c:/program files/microchip/xc32/v1.40/bin/bin/../../lib/gcc/pic32mx/4.8.3/../../../../pic32mx/lib/no-float\libsupc++.a(si_class_type_info.o)
                0x9d00079c                vtable for __cxxabiv1::__si_class_type_info
 .gnu.linkonce.r._ZTIN10__cxxabiv120__si_class_type_infoE._ZTIN10__cxxabiv120__si_class_type_infoE
                0x9d0007c8        0xc c:/program files/microchip/xc32/v1.40/bin/bin/../../lib/gcc/pic32mx/4.8.3/../../../../pic32mx/lib/no-float\libsupc++.a(si_class_type_info.o)
                0x9d0007c8                typeinfo for __cxxabiv1::__si_class_type_info
 .gnu.linkonce.r._ZTSN10__cxxabiv120__si_class_type_infoE._ZTSN10__cxxabiv120__si_class_type_infoE
                0x9d0007d4       0x28 c:/program files/microchip/xc32/v1.40/bin/bin/../../lib/gcc/pic32mx/4.8.3/../../../../pic32mx/lib/no-float\libsupc++.a(si_class_type_info.o)
                0x9d0007d4                typeinfo name for __cxxabiv1::__si_class_type_info
 .gnu.linkonce.r._ZTVSt9type_info._ZTVSt9type_info
                0x9d0007fc       0x20 c:/program files/microchip/xc32/v1.40/bin/bin/../../lib/gcc/pic32mx/4.8.3/../../../../pic32mx/lib/no-float\libsupc++.a(tinfo.o)
                0x9d0007fc                vtable for std::type_info
 .gnu.linkonce.r._ZTISt9type_info._ZTISt9type_info
                0x9d00081c        0x8 c:/program files/microchip/xc32/v1.40/bin/bin/../../lib/gcc/pic32mx/4.8.3/../../../../pic32mx/lib/no-float\libsupc++.a(tinfo.o)
                0x9d00081c                typeinfo for std::type_info
 .gnu.linkonce.r._ZTSSt9type_info._ZTSSt9type_info
                0x9d000824       0x10 c:/program files/microchip/xc32/v1.40/bin/bin/../../lib/gcc/pic32mx/4.8.3/../../../../pic32mx/lib/no-float\libsupc++.a(tinfo.o)
                0x9d000824                typeinfo name for std::type_info
 .gnu.linkonce.r._ZTVN10__cxxabiv117__class_type_infoE._ZTVN10__cxxabiv117__class_type_infoE
                0x9d000834       0x2c c:/program files/microchip/xc32/v1.40/bin/bin/../../lib/gcc/pic32mx/4.8.3/../../../../pic32mx/lib/no-float\libsupc++.a(class_type_info.o)
                0x9d000834                vtable for __cxxabiv1::__class_type_info
 .gnu.linkonce.r._ZTIN10__cxxabiv117__class_type_infoE._ZTIN10__cxxabiv117__class_type_infoE
                0x9d000860        0xc c:/program files/microchip/xc32/v1.40/bin/bin/../../lib/gcc/pic32mx/4.8.3/../../../../pic32mx/lib/no-float\libsupc++.a(class_type_info.o)
                0x9d000860                typeinfo for __cxxabiv1::__class_type_info
 .gnu.linkonce.r._ZTSN10__cxxabiv117__class_type_infoE._ZTSN10__cxxabiv117__class_type_infoE
                0x9d00086c       0x24 c:/program files/microchip/xc32/v1.40/bin/bin/../../lib/gcc/pic32mx/4.8.3/../../../../pic32mx/lib/no-float\libsupc++.a(class_type_info.o)
                0x9d00086c                typeinfo name for __cxxabiv1::__class_type_info
 *(.rodata1)
                0x9d000890                . = ALIGN (0x4)

.sdata2         0x9d000890        0x0
 *(.sdata2 .sdata2.* .gnu.linkonce.s2.*)
                0x9d000890                . = ALIGN (0x4)

.sbss2          0x9d000890        0x0
 *(.sbss2 .sbss2.* .gnu.linkonce.sb2.*)
                0x9d000890                . = ALIGN (0x4)

.eh_frame_hdr
 *(.eh_frame_hdr)
                0x9d000890                . = ALIGN (0x4)

.eh_frame
 *(.eh_frame)
                0x9d000890                . = ALIGN (0x4)

.gcc_except_table
 *(.gcc_except_table .gcc_except_table.*)
                0x9d000890                . = ALIGN (0x4)

.dbg_data       0xa0000000        0x0
                0xa0000000                . = (. + DEFINED (_DEBUGGER)?0x200:0x0)

.jcr            0xa0000000        0x4
 *(.jcr)
 .jcr           0xa0000000        0x0 c:/program files/microchip/xc32/v1.40/bin/bin/../../lib/gcc/pic32mx/4.8.3/no-float/crtbegin.o
 .jcr           0xa0000000        0x4 c:/program files/microchip/xc32/v1.40/bin/bin/../../lib/gcc/pic32mx/4.8.3/no-float/crtend.o
                0xa0000004                . = ALIGN (0x4)

.eh_frame       0xa0000004        0x4
 *(.eh_frame)
 .eh_frame      0xa0000004        0x0 c:/program files/microchip/xc32/v1.40/bin/bin/../../lib/gcc/pic32mx/4.8.3/no-float/crtbegin.o
 .eh_frame      0xa0000004        0x4 c:/program files/microchip/xc32/v1.40/bin/bin/../../lib/gcc/pic32mx/4.8.3/no-float/crtend.o
                0xa0000008                . = ALIGN (0x4)

.gcc_except_table
                0xa0000008       0x30
 *(.gcc_except_table .gcc_except_table.*)
 .gcc_except_table
                0xa0000008       0x10 c:/program files/microchip/xc32/v1.40/bin/bin/../../lib/gcc/pic32mx/4.8.3/../../../../pic32mx/lib/no-float\libsupc++.a(eh_terminate.o)
 .gcc_except_table
                0xa0000018       0x20 c:/program files/microchip/xc32/v1.40/bin/bin/../../lib/gcc/pic32mx/4.8.3/../../../../pic32mx/lib/no-float\libsupc++.a(eh_personality.o)
                0xa0000038                . = ALIGN (0x4)

.persist        0xa0000038        0x0
                0xa0000038                _persist_begin = .
 *(.persist .persist.*)
 *(.pbss .pbss.*)
                0xa0000038                . = ALIGN (0x4)
                0xa0000038                _persist_end = .

.data           0xa0000038        0x0
 *(.gnu.linkonce.d.*)
 *(.data1)
                0xa0000038                . = ALIGN (0x4)
                0xa0000038                . = .
                0xa0008030                _gp = (ALIGN (0x10) + 0x7ff0)

.got            0xa0000038        0x0
 *(.got.plt)
 *(.got)
                0xa0000038                . = ALIGN (0x4)

.sdata          0xa0000038        0xc
                0xa0000038                _sdata_begin = .
 *(.sdata .sdata.* .gnu.linkonce.s.*)
 .sdata         0xa0000038        0x4 c:/program files/microchip/xc32/v1.40/bin/bin/../../lib/gcc/pic32mx/4.8.3/no-float/crtbegin.o
                0xa0000038                __dso_handle
 .sdata         0xa000003c        0x4 build/PINGUINO/production/_ext/1935080774/eosTask.o
 .sdata         0xa0000040        0x4 build/PINGUINO/production/_ext/1298945782/port.o
                0xa0000040                uxInterruptNesting
                0xa0000044                . = ALIGN (0x4)
                0xa0000044                _sdata_end = .

.lit8
 *(.lit8)

.lit4
 *(.lit4)
                0xa0000044                . = ALIGN (0x4)
                0xa0000044                _data_end = .
                0xa0000044                _bss_begin = .

.sbss           0xa0000044       0x78
                0xa0000044                _sbss_begin = .
 *(.dynsbss)
 *(.sbss .sbss.* .gnu.linkonce.sb.*)
 .sbss          0xa0000044       0x3c build/PINGUINO/production/_ext/2129976512/tasks.o
                0xa0000044                pxCurrentTCB
 .sbss          0xa0000080       0x14 build/PINGUINO/production/_ext/2129976512/timers.o
 .sbss          0xa0000094        0x4 build/PINGUINO/production/_ext/1298945782/port.o
                0xa0000094                uxSavedTaskStackPointer
 .sbss          0xa0000098       0x18 build/PINGUINO/production/_ext/696550819/heap_4.o
 *(.scommon)
 .scommon       0xa00000b0        0x8 build/PINGUINO/production/_ext/1705198617/system_init.o
                0xa00000b0                drvUSBObject
                0xa00000b4                usbDevObject0
 .scommon       0xa00000b8        0x2 build/PINGUINO/production/_ext/1663442938/usb_device_cdc.o
                0xa00000b8                gUSBDeviceCdcCommonDataObj
                0xa00000ba                _sbss_end = .
                0xa00000bc                . = ALIGN (0x4)
 *fill*         0xa00000ba        0x2 

.bss            0xa0000200      0x248
 *(.dynbss)
 *(COMMON)
 COMMON         0xa0000200       0x60 build/PINGUINO/production/_ext/1705198617/system_init.o
                0xa0000200                endPointTable
 COMMON         0xa0000260       0x74 build/PINGUINO/production/_ext/1705198617/app.o
                0xa0000260                readBuffer
                0xa00002a0                appData
 COMMON         0xa00002d4       0xc8 build/PINGUINO/production/_ext/1643514105/drv_usbfs.o
                0xa00002d4                gDrvUSBGroup
 COMMON         0xa000039c       0xac build/PINGUINO/production/_ext/1663442938/usb_device_cdc.o
                0xa000039c                gUSBDeviceCDCInstance
                0xa00003dc                gUSBDeviceCDCIRP
                0xa0000448                . = ALIGN ((. != 0x0)?0x4:0x1)
                0xa0000448                . = ALIGN (0x4)
                0xa0000448                _end = .
                0xa0000448                _bss_end = .
                0x00008000                _bmxdudba_address = 0x8000
                0x00008000                _bmxdupba_address = 0x8000

/DISCARD/
 *(.pdr)
 *(.rel.dyn)
 *(.note.GNU-stack)
 *(.note.GNU-stack)
 *(.gnu_debuglink)
 *(.gnu.lto_*)
 *(.discard)

.gptab.sdata
 *(.gptab.data)
 *(.gptab.sdata)

.gptab.sbss
 *(.gptab.bss)
 *(.gptab.sbss)

.mdebug.abi32   0xa0000448        0x0
 *(.mdebug.abi32)
 .mdebug.abi32  0xa0000448        0x0 c:/program files/microchip/xc32/v1.40/bin/bin/../../lib/gcc/pic32mx/4.8.3/no-float/crtbegin.o
 .mdebug.abi32  0xa0000448        0x0 build/PINGUINO/production/_ext/1472/Main.o
 .mdebug.abi32  0xa0000448        0x0 build/PINGUINO/production/_ext/1472/rtos_hooks.o
 .mdebug.abi32  0xa0000448        0x0 build/PINGUINO/production/_ext/1472/Config.o
 .mdebug.abi32  0xa0000448        0x0 build/PINGUINO/production/_ext/55825582/halSYS.o
 .mdebug.abi32  0xa0000448        0x0 build/PINGUINO/production/_ext/1705198617/system_init.o
 .mdebug.abi32  0xa0000448        0x0 build/PINGUINO/production/_ext/1705198617/app.o
 .mdebug.abi32  0xa0000448        0x0 build/PINGUINO/production/_ext/2012494728/eosUsbClient.o
 .mdebug.abi32  0xa0000448        0x0 build/PINGUINO/production/_ext/863068963/eosAppLoop.o
 .mdebug.abi32  0xa0000448        0x0 build/PINGUINO/production/_ext/1935080774/eosTask.o
 .mdebug.abi32  0xa0000448        0x0 build/PINGUINO/production/_ext/1315484212/eosApplication.o
 .mdebug.abi32  0xa0000448        0x0 build/PINGUINO/production/_ext/2129976512/tasks.o
 .mdebug.abi32  0xa0000448        0x0 build/PINGUINO/production/_ext/2129976512/queue.o
 .mdebug.abi32  0xa0000448        0x0 build/PINGUINO/production/_ext/2129976512/timers.o
 .mdebug.abi32  0xa0000448        0x0 build/PINGUINO/production/_ext/1298945782/port.o
 .mdebug.abi32  0xa0000448        0x0 build/PINGUINO/production/_ext/696550819/heap_4.o
 .mdebug.abi32  0xa0000448        0x0 build/PINGUINO/production/_ext/2129976512/list.o
 .mdebug.abi32  0xa0000448        0x0 build/PINGUINO/production/_ext/1643514105/drv_usbfs.o
 .mdebug.abi32  0xa0000448        0x0 build/PINGUINO/production/_ext/1643514105/drv_usbfs_device.o
 .mdebug.abi32  0xa0000448        0x0 build/PINGUINO/production/_ext/1712295097/sys_int_pic32.o
 .mdebug.abi32  0xa0000448        0x0 build/PINGUINO/production/_ext/1663442938/usb_device_cdc.o
 .mdebug.abi32  0xa0000448        0x0 build/PINGUINO/production/_ext/1663442938/usb_device.o
 .mdebug.abi32  0xa0000448        0x0 build/PINGUINO/production/_ext/1663442938/usb_device_cdc_acm.o
 .mdebug.abi32  0xa0000448        0x0 ..\..\..\..\..\..\..\..\..\..\microchip\harmony\v1_07_01\bin\framework\peripheral\PIC32MX440F256H_peripherals.a(peripheral.o)
 .mdebug.abi32  0xa0000448        0x0 c:/program files/microchip/xc32/v1.40/bin/bin/../../lib/gcc/pic32mx/4.8.3/../../../../pic32mx/lib/no-float\libsupc++.a(del_op.o)
 .mdebug.abi32  0xa0000448        0x0 c:/program files/microchip/xc32/v1.40/bin/bin/../../lib/gcc/pic32mx/4.8.3/../../../../pic32mx/lib/no-float\libsupc++.a(new_op.o)
 .mdebug.abi32  0xa0000448        0x0 c:/program files/microchip/xc32/v1.40/bin/bin/../../lib/gcc/pic32mx/4.8.3/../../../../pic32mx/lib/no-float\libsupc++.a(pure.o)
 .mdebug.abi32  0xa0000448        0x0 c:/program files/microchip/xc32/v1.40/bin/bin/../../lib/gcc/pic32mx/4.8.3/../../../../pic32mx/lib/no-float\libsupc++.a(bad_alloc.o)
 .mdebug.abi32  0xa0000448        0x0 c:/program files/microchip/xc32/v1.40/bin/bin/../../lib/gcc/pic32mx/4.8.3/../../../../pic32mx/lib/no-float\libsupc++.a(eh_alloc.o)
 .mdebug.abi32  0xa0000448        0x0 c:/program files/microchip/xc32/v1.40/bin/bin/../../lib/gcc/pic32mx/4.8.3/../../../../pic32mx/lib/no-float\libsupc++.a(eh_exception.o)
 .mdebug.abi32  0xa0000448        0x0 c:/program files/microchip/xc32/v1.40/bin/bin/../../lib/gcc/pic32mx/4.8.3/../../../../pic32mx/lib/no-float\libsupc++.a(eh_terminate.o)
 .mdebug.abi32  0xa0000448        0x0 c:/program files/microchip/xc32/v1.40/bin/bin/../../lib/gcc/pic32mx/4.8.3/../../../../pic32mx/lib/no-float\libsupc++.a(eh_throw.o)
 .mdebug.abi32  0xa0000448        0x0 c:/program files/microchip/xc32/v1.40/bin/bin/../../lib/gcc/pic32mx/4.8.3/../../../../pic32mx/lib/no-float\libsupc++.a(eh_unex_handler.o)
 .mdebug.abi32  0xa0000448        0x0 c:/program files/microchip/xc32/v1.40/bin/bin/../../lib/gcc/pic32mx/4.8.3/../../../../pic32mx/lib/no-float\libsupc++.a(new_handler.o)
 .mdebug.abi32  0xa0000448        0x0 c:/program files/microchip/xc32/v1.40/bin/bin/../../lib/gcc/pic32mx/4.8.3/../../../../pic32mx/lib/no-float\libsupc++.a(si_class_type_info.o)
 .mdebug.abi32  0xa0000448        0x0 c:/program files/microchip/xc32/v1.40/bin/bin/../../lib/gcc/pic32mx/4.8.3/../../../../pic32mx/lib/no-float\libsupc++.a(tinfo.o)
 .mdebug.abi32  0xa0000448        0x0 c:/program files/microchip/xc32/v1.40/bin/bin/../../lib/gcc/pic32mx/4.8.3/../../../../pic32mx/lib/no-float\libsupc++.a(class_type_info.o)
 .mdebug.abi32  0xa0000448        0x0 c:/program files/microchip/xc32/v1.40/bin/bin/../../lib/gcc/pic32mx/4.8.3/../../../../pic32mx/lib/no-float\libsupc++.a(eh_catch.o)
 .mdebug.abi32  0xa0000448        0x0 c:/program files/microchip/xc32/v1.40/bin/bin/../../lib/gcc/pic32mx/4.8.3/../../../../pic32mx/lib/no-float\libsupc++.a(eh_globals.o)
 .mdebug.abi32  0xa0000448        0x0 c:/program files/microchip/xc32/v1.40/bin/bin/../../lib/gcc/pic32mx/4.8.3/../../../../pic32mx/lib/no-float\libsupc++.a(eh_personality.o)
 .mdebug.abi32  0xa0000448        0x0 c:/program files/microchip/xc32/v1.40/bin/bin/../../lib/gcc/pic32mx/4.8.3/../../../../pic32mx/lib/no-float\libsupc++.a(eh_term_handler.o)
 .mdebug.abi32  0xa0000448        0x0 c:/program files/microchip/xc32/v1.40/bin/bin/../../lib/gcc/pic32mx/4.8.3/../../../../pic32mx/lib/no-float\libsupc++.a(eh_call.o)
 .mdebug.abi32  0xa0000448        0x0 c:/program files/microchip/xc32/v1.40/bin/bin/../../lib/gcc/pic32mx/4.8.3/../../../../pic32mx/lib/no-float\libxcpp.a(abort.o)
 .mdebug.abi32  0xa0000448        0x0 c:/program files/microchip/xc32/v1.40/bin/bin/../../lib/gcc/pic32mx/4.8.3/../../../../pic32mx/lib/no-float\libxcpp.a(abs.o)
 .mdebug.abi32  0xa0000448        0x0 c:/program files/microchip/xc32/v1.40/bin/bin/../../lib/gcc/pic32mx/4.8.3/../../../../pic32mx/lib/no-float\libxcpp.a(exit.o)
 .mdebug.abi32  0xa0000448        0x0 c:/program files/microchip/xc32/v1.40/bin/bin/../../lib/gcc/pic32mx/4.8.3/../../../../pic32mx/lib/no-float\libxcpp.a(free.o)
 .mdebug.abi32  0xa0000448        0x0 c:/program files/microchip/xc32/v1.40/bin/bin/../../lib/gcc/pic32mx/4.8.3/../../../../pic32mx/lib/no-float\libxcpp.a(malloc.o)
 .mdebug.abi32  0xa0000448        0x0 c:/program files/microchip/xc32/v1.40/bin/bin/../../lib/gcc/pic32mx/4.8.3/../../../../pic32mx/lib/no-float\libxcpp.a(memcpy.o)
 .mdebug.abi32  0xa0000448        0x0 c:/program files/microchip/xc32/v1.40/bin/bin/../../lib/gcc/pic32mx/4.8.3/../../../../pic32mx/lib/no-float\libxcpp.a(memset.o)
 .mdebug.abi32  0xa0000448        0x0 c:/program files/microchip/xc32/v1.40/bin/bin/../../lib/gcc/pic32mx/4.8.3/../../../../pic32mx/lib/no-float\libxcpp.a(raise.o)
 .mdebug.abi32  0xa0000448        0x0 c:/program files/microchip/xc32/v1.40/bin/bin/../../lib/gcc/pic32mx/4.8.3/../../../../pic32mx/lib/no-float\libxcpp.a(strcmp.o)
 .mdebug.abi32  0xa0000448        0x0 c:/program files/microchip/xc32/v1.40/bin/bin/../../lib/gcc/pic32mx/4.8.3/../../../../pic32mx/lib/no-float\libxcpp.a(xexit.o)
 .mdebug.abi32  0xa0000448        0x0 c:/program files/microchip/xc32/v1.40/bin/bin/../../lib/gcc/pic32mx/4.8.3/../../../../pic32mx/lib/no-float\libxcpp.a(xgetmem.o)
 .mdebug.abi32  0xa0000448        0x0 c:/program files/microchip/xc32/v1.40/bin/bin/../../lib/gcc/pic32mx/4.8.3/no-float\libgcc.a(unwind-sjlj.o)
 .mdebug.abi32  0xa0000448        0x0 c:/program files/microchip/xc32/v1.40/bin/bin/../../lib/gcc/pic32mx/4.8.3/../../../../pic32mx/lib/no-float\libpic32.a(sbrk.o)
 .mdebug.abi32  0xa0000448        0x0 c:/program files/microchip/xc32/v1.40/bin/bin/../../lib/gcc/pic32mx/4.8.3/../../../../pic32mx/lib/no-float\libpic32.a(default-bootstrap-exception-handler.o)
 .mdebug.abi32  0xa0000448        0x0 c:/program files/microchip/xc32/v1.40/bin/bin/../../lib/gcc/pic32mx/4.8.3/../../../../pic32mx/lib/no-float\libpic32.a(default-on-reset.o)
 .mdebug.abi32  0xa0000448        0x0 c:/program files/microchip/xc32/v1.40/bin/bin/../../lib/gcc/pic32mx/4.8.3/../../../../pic32mx/lib/no-float\libpic32.a(default-on-bootstrap.o)
 .mdebug.abi32  0xa0000448        0x0 c:/program files/microchip/xc32/v1.40/bin/bin/../../lib/gcc/pic32mx/4.8.3/../../../../pic32mx/lib/no-float\libpic32.a(_exit.o)
 .mdebug.abi32  0xa0000448        0x0 c:/program files/microchip/xc32/v1.40/bin/bin/../../lib/gcc/pic32mx/4.8.3/../../../../pic32mx/lib/no-float\libpic32.a(kill.o)
 .mdebug.abi32  0xa0000448        0x0 c:/program files/microchip/xc32/v1.40/bin/bin/../../lib/gcc/pic32mx/4.8.3/../../../../pic32mx/lib/no-float\libpic32.a(getpid.o)
 .mdebug.abi32  0xa0000448        0x0 c:/program files/microchip/xc32/v1.40/bin/bin/../../lib/gcc/pic32mx/4.8.3/../../../../pic32mx/lib/no-float\libpic32.a(errno.o)
 .mdebug.abi32  0xa0000448        0x0 c:/program files/microchip/xc32/v1.40/bin/bin/../../lib/gcc/pic32mx/4.8.3/../../../../pic32mx/lib/no-float\libpic32.a(default-general-exception-handler.o)
 .mdebug.abi32  0xa0000448        0x0 c:/program files/microchip/xc32/v1.40/bin/bin/../../lib/gcc/pic32mx/4.8.3/../../../../pic32mx/lib/no-float\libpic32.a(defaultinterrupt.o)
 .mdebug.abi32  0xa0000448        0x0 c:/program files/microchip/xc32/v1.40/bin/bin/../../lib/gcc/pic32mx/4.8.3/no-float/crtend.o

.mdebug.abiN32
 *(.mdebug.abiN32)

.mdebug.abi64
 *(.mdebug.abi64)

.mdebug.abiO64
 *(.mdebug.abiO64)

.mdebug.eabi32
 *(.mdebug.eabi32)

.mdebug.eabi64
 *(.mdebug.eabi64)

.gcc_compiled_long32
 *(.gcc_compiled_long32)

.gcc_compiled_long64
 *(.gcc_compiled_long64)

.stab
 *(.stab)

.stabstr
 *(.stabstr)

.stab.excl
 *(.stab.excl)

.stab.exclstr
 *(.stab.exclstr)

.stab.index
 *(.stab.index)

.stab.indexstr
 *(.stab.indexstr)

.comment        0x00000000       0x87
 *(.comment)
 .comment       0x00000000       0x3c c:/program files/microchip/xc32/v1.40/bin/bin/../../lib/gcc/pic32mx/4.8.3/no-float/crtbegin.o
                                 0x3d (size before relaxing)
 .comment       0x00000000       0x3d build/PINGUINO/production/_ext/1472/Main.o
 .comment       0x00000000       0x3d build/PINGUINO/production/_ext/1472/rtos_hooks.o
 .comment       0x00000000       0x3d build/PINGUINO/production/_ext/1472/Config.o
 .comment       0x00000000       0x3d build/PINGUINO/production/_ext/55825582/halSYS.o
 .comment       0x00000000       0x3d build/PINGUINO/production/_ext/1705198617/system_init.o
 .comment       0x00000000       0x3d build/PINGUINO/production/_ext/1705198617/app.o
 .comment       0x00000000       0x3d build/PINGUINO/production/_ext/2012494728/eosUsbClient.o
 .comment       0x00000000       0x3d build/PINGUINO/production/_ext/863068963/eosAppLoop.o
 .comment       0x00000000       0x3d build/PINGUINO/production/_ext/1935080774/eosTask.o
 .comment       0x00000000       0x3d build/PINGUINO/production/_ext/1315484212/eosApplication.o
 .comment       0x00000000       0x3d build/PINGUINO/production/_ext/2129976512/tasks.o
 .comment       0x00000000       0x3d build/PINGUINO/production/_ext/2129976512/queue.o
 .comment       0x00000000       0x3d build/PINGUINO/production/_ext/2129976512/timers.o
 .comment       0x00000000       0x3d build/PINGUINO/production/_ext/1298945782/port.o
 .comment       0x00000000       0x3d build/PINGUINO/production/_ext/696550819/heap_4.o
 .comment       0x00000000       0x3d build/PINGUINO/production/_ext/2129976512/list.o
 .comment       0x00000000       0x3d build/PINGUINO/production/_ext/1643514105/drv_usbfs.o
 .comment       0x00000000       0x3d build/PINGUINO/production/_ext/1643514105/drv_usbfs_device.o
 .comment       0x00000000       0x3d build/PINGUINO/production/_ext/1712295097/sys_int_pic32.o
 .comment       0x00000000       0x3d build/PINGUINO/production/_ext/1663442938/usb_device_cdc.o
 .comment       0x00000000       0x3d build/PINGUINO/production/_ext/1663442938/usb_device.o
 .comment       0x00000000       0x3d build/PINGUINO/production/_ext/1663442938/usb_device_cdc_acm.o
 .comment       0x00000000       0x3d ..\..\..\..\..\..\..\..\..\..\microchip\harmony\v1_07_01\bin\framework\peripheral\PIC32MX440F256H_peripherals.a(peripheral.o)
 .comment       0x00000000       0x3d c:/program files/microchip/xc32/v1.40/bin/bin/../../lib/gcc/pic32mx/4.8.3/../../../../pic32mx/lib/no-float\libsupc++.a(del_op.o)
 .comment       0x00000000       0x3d c:/program files/microchip/xc32/v1.40/bin/bin/../../lib/gcc/pic32mx/4.8.3/../../../../pic32mx/lib/no-float\libsupc++.a(new_op.o)
 .comment       0x00000000       0x3d c:/program files/microchip/xc32/v1.40/bin/bin/../../lib/gcc/pic32mx/4.8.3/../../../../pic32mx/lib/no-float\libsupc++.a(pure.o)
 .comment       0x00000000       0x3d c:/program files/microchip/xc32/v1.40/bin/bin/../../lib/gcc/pic32mx/4.8.3/../../../../pic32mx/lib/no-float\libsupc++.a(bad_alloc.o)
 .comment       0x00000000       0x3d c:/program files/microchip/xc32/v1.40/bin/bin/../../lib/gcc/pic32mx/4.8.3/../../../../pic32mx/lib/no-float\libsupc++.a(eh_alloc.o)
 .comment       0x00000000       0x3d c:/program files/microchip/xc32/v1.40/bin/bin/../../lib/gcc/pic32mx/4.8.3/../../../../pic32mx/lib/no-float\libsupc++.a(eh_exception.o)
 .comment       0x00000000       0x3d c:/program files/microchip/xc32/v1.40/bin/bin/../../lib/gcc/pic32mx/4.8.3/../../../../pic32mx/lib/no-float\libsupc++.a(eh_terminate.o)
 .comment       0x00000000       0x3d c:/program files/microchip/xc32/v1.40/bin/bin/../../lib/gcc/pic32mx/4.8.3/../../../../pic32mx/lib/no-float\libsupc++.a(eh_throw.o)
 .comment       0x00000000       0x3d c:/program files/microchip/xc32/v1.40/bin/bin/../../lib/gcc/pic32mx/4.8.3/../../../../pic32mx/lib/no-float\libsupc++.a(eh_unex_handler.o)
 .comment       0x00000000       0x3d c:/program files/microchip/xc32/v1.40/bin/bin/../../lib/gcc/pic32mx/4.8.3/../../../../pic32mx/lib/no-float\libsupc++.a(new_handler.o)
 .comment       0x00000000       0x3d c:/program files/microchip/xc32/v1.40/bin/bin/../../lib/gcc/pic32mx/4.8.3/../../../../pic32mx/lib/no-float\libsupc++.a(si_class_type_info.o)
 .comment       0x00000000       0x3d c:/program files/microchip/xc32/v1.40/bin/bin/../../lib/gcc/pic32mx/4.8.3/../../../../pic32mx/lib/no-float\libsupc++.a(tinfo.o)
 .comment       0x00000000       0x3d c:/program files/microchip/xc32/v1.40/bin/bin/../../lib/gcc/pic32mx/4.8.3/../../../../pic32mx/lib/no-float\libsupc++.a(class_type_info.o)
 .comment       0x00000000       0x3d c:/program files/microchip/xc32/v1.40/bin/bin/../../lib/gcc/pic32mx/4.8.3/../../../../pic32mx/lib/no-float\libsupc++.a(eh_catch.o)
 .comment       0x00000000       0x3d c:/program files/microchip/xc32/v1.40/bin/bin/../../lib/gcc/pic32mx/4.8.3/../../../../pic32mx/lib/no-float\libsupc++.a(eh_globals.o)
 .comment       0x00000000       0x3d c:/program files/microchip/xc32/v1.40/bin/bin/../../lib/gcc/pic32mx/4.8.3/../../../../pic32mx/lib/no-float\libsupc++.a(eh_personality.o)
 .comment       0x00000000       0x3d c:/program files/microchip/xc32/v1.40/bin/bin/../../lib/gcc/pic32mx/4.8.3/../../../../pic32mx/lib/no-float\libsupc++.a(eh_term_handler.o)
 .comment       0x00000000       0x3d c:/program files/microchip/xc32/v1.40/bin/bin/../../lib/gcc/pic32mx/4.8.3/../../../../pic32mx/lib/no-float\libsupc++.a(eh_call.o)
 .comment       0x00000000       0x3d c:/program files/microchip/xc32/v1.40/bin/bin/../../lib/gcc/pic32mx/4.8.3/../../../../pic32mx/lib/no-float\libxcpp.a(abort.o)
 .comment       0x00000000       0x3d c:/program files/microchip/xc32/v1.40/bin/bin/../../lib/gcc/pic32mx/4.8.3/../../../../pic32mx/lib/no-float\libxcpp.a(abs.o)
 .comment       0x00000000       0x3d c:/program files/microchip/xc32/v1.40/bin/bin/../../lib/gcc/pic32mx/4.8.3/../../../../pic32mx/lib/no-float\libxcpp.a(exit.o)
 .comment       0x00000000       0x3d c:/program files/microchip/xc32/v1.40/bin/bin/../../lib/gcc/pic32mx/4.8.3/../../../../pic32mx/lib/no-float\libxcpp.a(free.o)
 .comment       0x00000000       0x3d c:/program files/microchip/xc32/v1.40/bin/bin/../../lib/gcc/pic32mx/4.8.3/../../../../pic32mx/lib/no-float\libxcpp.a(malloc.o)
 .comment       0x00000000       0x3d c:/program files/microchip/xc32/v1.40/bin/bin/../../lib/gcc/pic32mx/4.8.3/../../../../pic32mx/lib/no-float\libxcpp.a(memcpy.o)
 .comment       0x00000000       0x3d c:/program files/microchip/xc32/v1.40/bin/bin/../../lib/gcc/pic32mx/4.8.3/../../../../pic32mx/lib/no-float\libxcpp.a(memset.o)
 .comment       0x00000000       0x3d c:/program files/microchip/xc32/v1.40/bin/bin/../../lib/gcc/pic32mx/4.8.3/../../../../pic32mx/lib/no-float\libxcpp.a(raise.o)
 .comment       0x00000000       0x3d c:/program files/microchip/xc32/v1.40/bin/bin/../../lib/gcc/pic32mx/4.8.3/../../../../pic32mx/lib/no-float\libxcpp.a(strcmp.o)
 .comment       0x00000000       0x3d c:/program files/microchip/xc32/v1.40/bin/bin/../../lib/gcc/pic32mx/4.8.3/../../../../pic32mx/lib/no-float\libxcpp.a(xexit.o)
 .comment       0x00000000       0x3d c:/program files/microchip/xc32/v1.40/bin/bin/../../lib/gcc/pic32mx/4.8.3/../../../../pic32mx/lib/no-float\libxcpp.a(xgetmem.o)
 .comment       0x00000000       0x3d c:/program files/microchip/xc32/v1.40/bin/bin/../../lib/gcc/pic32mx/4.8.3/no-float\libgcc.a(unwind-sjlj.o)
 .comment       0x0000003c       0x4b c:/program files/microchip/xc32/v1.40/bin/bin/../../lib/gcc/pic32mx/4.8.3/../../../../pic32mx/lib/no-float\libpic32.a(sbrk.o)
                                 0x88 (size before relaxing)
 .comment       0x00000000       0x3d c:/program files/microchip/xc32/v1.40/bin/bin/../../lib/gcc/pic32mx/4.8.3/../../../../pic32mx/lib/no-float\libpic32.a(default-bootstrap-exception-handler.o)
 .comment       0x00000000       0x3d c:/program files/microchip/xc32/v1.40/bin/bin/../../lib/gcc/pic32mx/4.8.3/../../../../pic32mx/lib/no-float\libpic32.a(default-on-reset.o)
 .comment       0x00000000       0x3d c:/program files/microchip/xc32/v1.40/bin/bin/../../lib/gcc/pic32mx/4.8.3/../../../../pic32mx/lib/no-float\libpic32.a(default-on-bootstrap.o)
 .comment       0x00000000       0x3d c:/program files/microchip/xc32/v1.40/bin/bin/../../lib/gcc/pic32mx/4.8.3/../../../../pic32mx/lib/no-float\libpic32.a(_exit.o)
 .comment       0x00000000       0x3d c:/program files/microchip/xc32/v1.40/bin/bin/../../lib/gcc/pic32mx/4.8.3/../../../../pic32mx/lib/no-float\libpic32.a(kill.o)
 .comment       0x00000000       0x3d c:/program files/microchip/xc32/v1.40/bin/bin/../../lib/gcc/pic32mx/4.8.3/../../../../pic32mx/lib/no-float\libpic32.a(getpid.o)
 .comment       0x00000000       0x3d c:/program files/microchip/xc32/v1.40/bin/bin/../../lib/gcc/pic32mx/4.8.3/../../../../pic32mx/lib/no-float\libpic32.a(errno.o)
 .comment       0x00000000       0x3d c:/program files/microchip/xc32/v1.40/bin/bin/../../lib/gcc/pic32mx/4.8.3/../../../../pic32mx/lib/no-float\libpic32.a(default-general-exception-handler.o)
 .comment       0x00000000       0x3d c:/program files/microchip/xc32/v1.40/bin/bin/../../lib/gcc/pic32mx/4.8.3/../../../../pic32mx/lib/no-float\libpic32.a(defaultinterrupt.o)
 .comment       0x00000000       0x3d c:/program files/microchip/xc32/v1.40/bin/bin/../../lib/gcc/pic32mx/4.8.3/no-float/crtend.o

.debug
 *(.debug)

.line
 *(.line)

.debug_srcinfo
 *(.debug_srcinfo)

.debug_sfnames
 *(.debug_sfnames)

.debug_aranges  0x00000000      0xce8
 *(.debug_aranges)
 .debug_aranges
                0x00000000       0x58 build/PINGUINO/production/_ext/1472/Main.o
 .debug_aranges
                0x00000058       0x40 build/PINGUINO/production/_ext/1472/rtos_hooks.o
 .debug_aranges
                0x00000098       0x18 build/PINGUINO/production/_ext/1472/Config.o
 .debug_aranges
                0x000000b0       0x28 build/PINGUINO/production/_ext/55825582/halSYS.o
 .debug_aranges
                0x000000d8       0x30 build/PINGUINO/production/_ext/1705198617/system_init.o
 .debug_aranges
                0x00000108       0x40 build/PINGUINO/production/_ext/1705198617/app.o
 .debug_aranges
                0x00000148       0x30 build/PINGUINO/production/_ext/2012494728/eosUsbClient.o
 .debug_aranges
                0x00000178       0x40 build/PINGUINO/production/_ext/863068963/eosAppLoop.o
 .debug_aranges
                0x000001b8       0x70 build/PINGUINO/production/_ext/1935080774/eosTask.o
 .debug_aranges
                0x00000228       0x40 build/PINGUINO/production/_ext/1315484212/eosApplication.o
 .debug_aranges
                0x00000268      0x1b0 build/PINGUINO/production/_ext/2129976512/tasks.o
 .debug_aranges
                0x00000418       0xd8 build/PINGUINO/production/_ext/2129976512/queue.o
 .debug_aranges
                0x000004f0       0xb8 build/PINGUINO/production/_ext/2129976512/timers.o
 .debug_aranges
                0x000005a8       0x58 build/PINGUINO/production/_ext/1298945782/port.o
 .debug_aranges
                0x00000600       0x20 build/PINGUINO/production/_ext/1298945782/port_asm.o
 .debug_aranges
                0x00000620       0x50 build/PINGUINO/production/_ext/696550819/heap_4.o
 .debug_aranges
                0x00000670       0x40 build/PINGUINO/production/_ext/2129976512/list.o
 .debug_aranges
                0x000006b0       0x70 build/PINGUINO/production/_ext/1643514105/drv_usbfs.o
 .debug_aranges
                0x00000720       0xb8 build/PINGUINO/production/_ext/1643514105/drv_usbfs_device.o
 .debug_aranges
                0x000007d8       0x48 build/PINGUINO/production/_ext/1712295097/sys_int_pic32.o
 .debug_aranges
                0x00000820       0x88 build/PINGUINO/production/_ext/1663442938/usb_device_cdc.o
 .debug_aranges
                0x000008a8      0x150 build/PINGUINO/production/_ext/1663442938/usb_device.o
 .debug_aranges
                0x000009f8       0x20 build/PINGUINO/production/_ext/1663442938/usb_device_cdc_acm.o
 .debug_aranges
                0x00000a18       0x20 c:/program files/microchip/xc32/v1.40/bin/bin/../../lib/gcc/pic32mx/4.8.3/../../../../pic32mx/lib/no-float\libxcpp.a(abort.o)
 .debug_aranges
                0x00000a38       0x20 c:/program files/microchip/xc32/v1.40/bin/bin/../../lib/gcc/pic32mx/4.8.3/../../../../pic32mx/lib/no-float\libxcpp.a(abs.o)
 .debug_aranges
                0x00000a58       0x30 c:/program files/microchip/xc32/v1.40/bin/bin/../../lib/gcc/pic32mx/4.8.3/../../../../pic32mx/lib/no-float\libxcpp.a(exit.o)
 .debug_aranges
                0x00000a88       0x20 c:/program files/microchip/xc32/v1.40/bin/bin/../../lib/gcc/pic32mx/4.8.3/../../../../pic32mx/lib/no-float\libxcpp.a(free.o)
 .debug_aranges
                0x00000aa8       0x20 c:/program files/microchip/xc32/v1.40/bin/bin/../../lib/gcc/pic32mx/4.8.3/../../../../pic32mx/lib/no-float\libxcpp.a(malloc.o)
 .debug_aranges
                0x00000ac8       0x20 c:/program files/microchip/xc32/v1.40/bin/bin/../../lib/gcc/pic32mx/4.8.3/../../../../pic32mx/lib/no-float\libxcpp.a(memcpy.o)
 .debug_aranges
                0x00000ae8       0x20 c:/program files/microchip/xc32/v1.40/bin/bin/../../lib/gcc/pic32mx/4.8.3/../../../../pic32mx/lib/no-float\libxcpp.a(memset.o)
 .debug_aranges
                0x00000b08       0x20 c:/program files/microchip/xc32/v1.40/bin/bin/../../lib/gcc/pic32mx/4.8.3/../../../../pic32mx/lib/no-float\libxcpp.a(raise.o)
 .debug_aranges
                0x00000b28       0x20 c:/program files/microchip/xc32/v1.40/bin/bin/../../lib/gcc/pic32mx/4.8.3/../../../../pic32mx/lib/no-float\libxcpp.a(strcmp.o)
 .debug_aranges
                0x00000b48       0x20 c:/program files/microchip/xc32/v1.40/bin/bin/../../lib/gcc/pic32mx/4.8.3/../../../../pic32mx/lib/no-float\libxcpp.a(xexit.o)
 .debug_aranges
                0x00000b68       0x20 c:/program files/microchip/xc32/v1.40/bin/bin/../../lib/gcc/pic32mx/4.8.3/../../../../pic32mx/lib/no-float\libxcpp.a(xgetmem.o)
 .debug_aranges
                0x00000b88       0x20 c:/program files/microchip/xc32/v1.40/bin/bin/../../lib/gcc/pic32mx/4.8.3/no-float\libgcc.a(unwind-sjlj.o)
 .debug_aranges
                0x00000ba8       0x40 c:/program files/microchip/xc32/v1.40/bin/bin/../../lib/gcc/pic32mx/4.8.3/../../../../pic32mx/lib/no-float\libpic32.a(sbrk.o)
 .debug_aranges
                0x00000be8       0x20 c:/program files/microchip/xc32/v1.40/bin/bin/../../lib/gcc/pic32mx/4.8.3/../../../../pic32mx/lib/no-float\libpic32.a(default-bootstrap-exception-handler.o)
 .debug_aranges
                0x00000c08       0x20 c:/program files/microchip/xc32/v1.40/bin/bin/../../lib/gcc/pic32mx/4.8.3/../../../../pic32mx/lib/no-float\libpic32.a(default-on-reset.o)
 .debug_aranges
                0x00000c28       0x20 c:/program files/microchip/xc32/v1.40/bin/bin/../../lib/gcc/pic32mx/4.8.3/../../../../pic32mx/lib/no-float\libpic32.a(default-on-bootstrap.o)
 .debug_aranges
                0x00000c48       0x20 c:/program files/microchip/xc32/v1.40/bin/bin/../../lib/gcc/pic32mx/4.8.3/../../../../pic32mx/lib/no-float\libpic32.a(_exit.o)
 .debug_aranges
                0x00000c68       0x20 c:/program files/microchip/xc32/v1.40/bin/bin/../../lib/gcc/pic32mx/4.8.3/../../../../pic32mx/lib/no-float\libpic32.a(kill.o)
 .debug_aranges
                0x00000c88       0x20 c:/program files/microchip/xc32/v1.40/bin/bin/../../lib/gcc/pic32mx/4.8.3/../../../../pic32mx/lib/no-float\libpic32.a(getpid.o)
 .debug_aranges
                0x00000ca8       0x20 c:/program files/microchip/xc32/v1.40/bin/bin/../../lib/gcc/pic32mx/4.8.3/../../../../pic32mx/lib/no-float\libpic32.a(default-general-exception-handler.o)
 .debug_aranges
                0x00000cc8       0x20 c:/program files/microchip/xc32/v1.40/bin/bin/../../lib/gcc/pic32mx/4.8.3/../../../../pic32mx/lib/no-float\libpic32.a(defaultinterrupt.o)

.debug_pubnames
 *(.debug_pubnames)

.debug_info     0x00000000    0x2287d
 *(.debug_info .gnu.linkonce.wi.*)
 .debug_info    0x00000000      0xa78 build/PINGUINO/production/_ext/1472/Main.o
 .debug_info    0x00000a78      0x2eb build/PINGUINO/production/_ext/1472/rtos_hooks.o
 .debug_info    0x00000d63      0x39d build/PINGUINO/production/_ext/1472/Config.o
 .debug_info    0x00001100      0x609 build/PINGUINO/production/_ext/55825582/halSYS.o
 .debug_info    0x00001709     0x3f4c build/PINGUINO/production/_ext/1705198617/system_init.o
 .debug_info    0x00005655     0x31b8 build/PINGUINO/production/_ext/1705198617/app.o
 .debug_info    0x0000880d      0x7df build/PINGUINO/production/_ext/2012494728/eosUsbClient.o
 .debug_info    0x00008fec      0x7bd build/PINGUINO/production/_ext/863068963/eosAppLoop.o
 .debug_info    0x000097a9      0x965 build/PINGUINO/production/_ext/1935080774/eosTask.o
 .debug_info    0x0000a10e      0x6a8 build/PINGUINO/production/_ext/1315484212/eosApplication.o
 .debug_info    0x0000a7b6     0x1ed4 build/PINGUINO/production/_ext/2129976512/tasks.o
 .debug_info    0x0000c68a     0x10fd build/PINGUINO/production/_ext/2129976512/queue.o
 .debug_info    0x0000d787      0xe39 build/PINGUINO/production/_ext/2129976512/timers.o
 .debug_info    0x0000e5c0      0xd02 build/PINGUINO/production/_ext/1298945782/port.o
 .debug_info    0x0000f2c2       0xe3 build/PINGUINO/production/_ext/1298945782/port_asm.o
 .debug_info    0x0000f3a5      0x5b2 build/PINGUINO/production/_ext/696550819/heap_4.o
 .debug_info    0x0000f957      0x4a0 build/PINGUINO/production/_ext/2129976512/list.o
 .debug_info    0x0000fdf7     0x2430 build/PINGUINO/production/_ext/1643514105/drv_usbfs.o
 .debug_info    0x00012227     0x3516 build/PINGUINO/production/_ext/1643514105/drv_usbfs_device.o
 .debug_info    0x0001573d      0xb03 build/PINGUINO/production/_ext/1712295097/sys_int_pic32.o
 .debug_info    0x00016240     0x490f build/PINGUINO/production/_ext/1663442938/usb_device_cdc.o
 .debug_info    0x0001ab4f     0x4ae7 build/PINGUINO/production/_ext/1663442938/usb_device.o
 .debug_info    0x0001f636     0x115c build/PINGUINO/production/_ext/1663442938/usb_device_cdc_acm.o
 .debug_info    0x00020792       0xa5 c:/program files/microchip/xc32/v1.40/bin/bin/../../lib/gcc/pic32mx/4.8.3/../../../../pic32mx/lib/no-float\libxcpp.a(abort.o)
 .debug_info    0x00020837       0xa1 c:/program files/microchip/xc32/v1.40/bin/bin/../../lib/gcc/pic32mx/4.8.3/../../../../pic32mx/lib/no-float\libxcpp.a(abs.o)
 .debug_info    0x000208d8       0xd3 c:/program files/microchip/xc32/v1.40/bin/bin/../../lib/gcc/pic32mx/4.8.3/../../../../pic32mx/lib/no-float\libxcpp.a(exit.o)
 .debug_info    0x000209ab       0xa3 c:/program files/microchip/xc32/v1.40/bin/bin/../../lib/gcc/pic32mx/4.8.3/../../../../pic32mx/lib/no-float\libxcpp.a(free.o)
 .debug_info    0x00020a4e       0xb3 c:/program files/microchip/xc32/v1.40/bin/bin/../../lib/gcc/pic32mx/4.8.3/../../../../pic32mx/lib/no-float\libxcpp.a(malloc.o)
 .debug_info    0x00020b01       0xa7 c:/program files/microchip/xc32/v1.40/bin/bin/../../lib/gcc/pic32mx/4.8.3/../../../../pic32mx/lib/no-float\libxcpp.a(memcpy.o)
 .debug_info    0x00020ba8       0xa7 c:/program files/microchip/xc32/v1.40/bin/bin/../../lib/gcc/pic32mx/4.8.3/../../../../pic32mx/lib/no-float\libxcpp.a(memset.o)
 .debug_info    0x00020c4f       0xa5 c:/program files/microchip/xc32/v1.40/bin/bin/../../lib/gcc/pic32mx/4.8.3/../../../../pic32mx/lib/no-float\libxcpp.a(raise.o)
 .debug_info    0x00020cf4       0xa7 c:/program files/microchip/xc32/v1.40/bin/bin/../../lib/gcc/pic32mx/4.8.3/../../../../pic32mx/lib/no-float\libxcpp.a(strcmp.o)
 .debug_info    0x00020d9b       0xa5 c:/program files/microchip/xc32/v1.40/bin/bin/../../lib/gcc/pic32mx/4.8.3/../../../../pic32mx/lib/no-float\libxcpp.a(xexit.o)
 .debug_info    0x00020e40       0xa9 c:/program files/microchip/xc32/v1.40/bin/bin/../../lib/gcc/pic32mx/4.8.3/../../../../pic32mx/lib/no-float\libxcpp.a(xgetmem.o)
 .debug_info    0x00020ee9     0x1255 c:/program files/microchip/xc32/v1.40/bin/bin/../../lib/gcc/pic32mx/4.8.3/no-float\libgcc.a(unwind-sjlj.o)
 .debug_info    0x0002213e      0x11a c:/program files/microchip/xc32/v1.40/bin/bin/../../lib/gcc/pic32mx/4.8.3/../../../../pic32mx/lib/no-float\libpic32.a(sbrk.o)
 .debug_info    0x00022258       0xe3 c:/program files/microchip/xc32/v1.40/bin/bin/../../lib/gcc/pic32mx/4.8.3/../../../../pic32mx/lib/no-float\libpic32.a(default-bootstrap-exception-handler.o)
 .debug_info    0x0002233b       0xbd c:/program files/microchip/xc32/v1.40/bin/bin/../../lib/gcc/pic32mx/4.8.3/../../../../pic32mx/lib/no-float\libpic32.a(default-on-reset.o)
 .debug_info    0x000223f8       0xc5 c:/program files/microchip/xc32/v1.40/bin/bin/../../lib/gcc/pic32mx/4.8.3/../../../../pic32mx/lib/no-float\libpic32.a(default-on-bootstrap.o)
 .debug_info    0x000224bd       0xae c:/program files/microchip/xc32/v1.40/bin/bin/../../lib/gcc/pic32mx/4.8.3/../../../../pic32mx/lib/no-float\libpic32.a(_exit.o)
 .debug_info    0x0002256b       0xac c:/program files/microchip/xc32/v1.40/bin/bin/../../lib/gcc/pic32mx/4.8.3/../../../../pic32mx/lib/no-float\libpic32.a(kill.o)
 .debug_info    0x00022617       0xb0 c:/program files/microchip/xc32/v1.40/bin/bin/../../lib/gcc/pic32mx/4.8.3/../../../../pic32mx/lib/no-float\libpic32.a(getpid.o)
 .debug_info    0x000226c7       0xdf c:/program files/microchip/xc32/v1.40/bin/bin/../../lib/gcc/pic32mx/4.8.3/../../../../pic32mx/lib/no-float\libpic32.a(default-general-exception-handler.o)
 .debug_info    0x000227a6       0xd7 c:/program files/microchip/xc32/v1.40/bin/bin/../../lib/gcc/pic32mx/4.8.3/../../../../pic32mx/lib/no-float\libpic32.a(defaultinterrupt.o)

.debug_abbrev   0x00000000     0x33bf
 *(.debug_abbrev)
 .debug_abbrev  0x00000000      0x2c3 build/PINGUINO/production/_ext/1472/Main.o
 .debug_abbrev  0x000002c3       0xce build/PINGUINO/production/_ext/1472/rtos_hooks.o
 .debug_abbrev  0x00000391       0xbe build/PINGUINO/production/_ext/1472/Config.o
 .debug_abbrev  0x0000044f       0xe6 build/PINGUINO/production/_ext/55825582/halSYS.o
 .debug_abbrev  0x00000535      0x1fc build/PINGUINO/production/_ext/1705198617/system_init.o
 .debug_abbrev  0x00000731      0x261 build/PINGUINO/production/_ext/1705198617/app.o
 .debug_abbrev  0x00000992      0x283 build/PINGUINO/production/_ext/2012494728/eosUsbClient.o
 .debug_abbrev  0x00000c15      0x27f build/PINGUINO/production/_ext/863068963/eosAppLoop.o
 .debug_abbrev  0x00000e94      0x278 build/PINGUINO/production/_ext/1935080774/eosTask.o
 .debug_abbrev  0x0000110c      0x1fc build/PINGUINO/production/_ext/1315484212/eosApplication.o
 .debug_abbrev  0x00001308      0x256 build/PINGUINO/production/_ext/2129976512/tasks.o
 .debug_abbrev  0x0000155e      0x175 build/PINGUINO/production/_ext/2129976512/queue.o
 .debug_abbrev  0x000016d3      0x1a2 build/PINGUINO/production/_ext/2129976512/timers.o
 .debug_abbrev  0x00001875      0x276 build/PINGUINO/production/_ext/1298945782/port.o
 .debug_abbrev  0x00001aeb       0x14 build/PINGUINO/production/_ext/1298945782/port_asm.o
 .debug_abbrev  0x00001aff      0x158 build/PINGUINO/production/_ext/696550819/heap_4.o
 .debug_abbrev  0x00001c57       0xe2 build/PINGUINO/production/_ext/2129976512/list.o
 .debug_abbrev  0x00001d39      0x327 build/PINGUINO/production/_ext/1643514105/drv_usbfs.o
 .debug_abbrev  0x00002060      0x2ec build/PINGUINO/production/_ext/1643514105/drv_usbfs_device.o
 .debug_abbrev  0x0000234c      0x11b build/PINGUINO/production/_ext/1712295097/sys_int_pic32.o
 .debug_abbrev  0x00002467      0x391 build/PINGUINO/production/_ext/1663442938/usb_device_cdc.o
 .debug_abbrev  0x000027f8      0x353 build/PINGUINO/production/_ext/1663442938/usb_device.o
 .debug_abbrev  0x00002b4b      0x168 build/PINGUINO/production/_ext/1663442938/usb_device_cdc_acm.o
 .debug_abbrev  0x00002cb3       0x28 c:/program files/microchip/xc32/v1.40/bin/bin/../../lib/gcc/pic32mx/4.8.3/../../../../pic32mx/lib/no-float\libxcpp.a(abort.o)
 .debug_abbrev  0x00002cdb       0x28 c:/program files/microchip/xc32/v1.40/bin/bin/../../lib/gcc/pic32mx/4.8.3/../../../../pic32mx/lib/no-float\libxcpp.a(abs.o)
 .debug_abbrev  0x00002d03       0x28 c:/program files/microchip/xc32/v1.40/bin/bin/../../lib/gcc/pic32mx/4.8.3/../../../../pic32mx/lib/no-float\libxcpp.a(exit.o)
 .debug_abbrev  0x00002d2b       0x28 c:/program files/microchip/xc32/v1.40/bin/bin/../../lib/gcc/pic32mx/4.8.3/../../../../pic32mx/lib/no-float\libxcpp.a(free.o)
 .debug_abbrev  0x00002d53       0x35 c:/program files/microchip/xc32/v1.40/bin/bin/../../lib/gcc/pic32mx/4.8.3/../../../../pic32mx/lib/no-float\libxcpp.a(malloc.o)
 .debug_abbrev  0x00002d88       0x28 c:/program files/microchip/xc32/v1.40/bin/bin/../../lib/gcc/pic32mx/4.8.3/../../../../pic32mx/lib/no-float\libxcpp.a(memcpy.o)
 .debug_abbrev  0x00002db0       0x28 c:/program files/microchip/xc32/v1.40/bin/bin/../../lib/gcc/pic32mx/4.8.3/../../../../pic32mx/lib/no-float\libxcpp.a(memset.o)
 .debug_abbrev  0x00002dd8       0x28 c:/program files/microchip/xc32/v1.40/bin/bin/../../lib/gcc/pic32mx/4.8.3/../../../../pic32mx/lib/no-float\libxcpp.a(raise.o)
 .debug_abbrev  0x00002e00       0x28 c:/program files/microchip/xc32/v1.40/bin/bin/../../lib/gcc/pic32mx/4.8.3/../../../../pic32mx/lib/no-float\libxcpp.a(strcmp.o)
 .debug_abbrev  0x00002e28       0x28 c:/program files/microchip/xc32/v1.40/bin/bin/../../lib/gcc/pic32mx/4.8.3/../../../../pic32mx/lib/no-float\libxcpp.a(xexit.o)
 .debug_abbrev  0x00002e50       0x28 c:/program files/microchip/xc32/v1.40/bin/bin/../../lib/gcc/pic32mx/4.8.3/../../../../pic32mx/lib/no-float\libxcpp.a(xgetmem.o)
 .debug_abbrev  0x00002e78      0x3b3 c:/program files/microchip/xc32/v1.40/bin/bin/../../lib/gcc/pic32mx/4.8.3/no-float\libgcc.a(unwind-sjlj.o)
 .debug_abbrev  0x0000322b       0x54 c:/program files/microchip/xc32/v1.40/bin/bin/../../lib/gcc/pic32mx/4.8.3/../../../../pic32mx/lib/no-float\libpic32.a(sbrk.o)
 .debug_abbrev  0x0000327f       0x28 c:/program files/microchip/xc32/v1.40/bin/bin/../../lib/gcc/pic32mx/4.8.3/../../../../pic32mx/lib/no-float\libpic32.a(default-bootstrap-exception-handler.o)
 .debug_abbrev  0x000032a7       0x28 c:/program files/microchip/xc32/v1.40/bin/bin/../../lib/gcc/pic32mx/4.8.3/../../../../pic32mx/lib/no-float\libpic32.a(default-on-reset.o)
 .debug_abbrev  0x000032cf       0x28 c:/program files/microchip/xc32/v1.40/bin/bin/../../lib/gcc/pic32mx/4.8.3/../../../../pic32mx/lib/no-float\libpic32.a(default-on-bootstrap.o)
 .debug_abbrev  0x000032f7       0x28 c:/program files/microchip/xc32/v1.40/bin/bin/../../lib/gcc/pic32mx/4.8.3/../../../../pic32mx/lib/no-float\libpic32.a(_exit.o)
 .debug_abbrev  0x0000331f       0x28 c:/program files/microchip/xc32/v1.40/bin/bin/../../lib/gcc/pic32mx/4.8.3/../../../../pic32mx/lib/no-float\libpic32.a(kill.o)
 .debug_abbrev  0x00003347       0x28 c:/program files/microchip/xc32/v1.40/bin/bin/../../lib/gcc/pic32mx/4.8.3/../../../../pic32mx/lib/no-float\libpic32.a(getpid.o)
 .debug_abbrev  0x0000336f       0x28 c:/program files/microchip/xc32/v1.40/bin/bin/../../lib/gcc/pic32mx/4.8.3/../../../../pic32mx/lib/no-float\libpic32.a(default-general-exception-handler.o)
 .debug_abbrev  0x00003397       0x28 c:/program files/microchip/xc32/v1.40/bin/bin/../../lib/gcc/pic32mx/4.8.3/../../../../pic32mx/lib/no-float\libpic32.a(defaultinterrupt.o)

.debug_line     0x00000000     0x63da
 *(.debug_line)
 .debug_line    0x00000000      0x302 build/PINGUINO/production/_ext/1472/Main.o
 .debug_line    0x00000302      0x169 build/PINGUINO/production/_ext/1472/rtos_hooks.o
 .debug_line    0x0000046b       0xc5 build/PINGUINO/production/_ext/1472/Config.o
 .debug_line    0x00000530      0x337 build/PINGUINO/production/_ext/55825582/halSYS.o
 .debug_line    0x00000867      0x49c build/PINGUINO/production/_ext/1705198617/system_init.o
 .debug_line    0x00000d03      0x3e9 build/PINGUINO/production/_ext/1705198617/app.o
 .debug_line    0x000010ec      0x207 build/PINGUINO/production/_ext/2012494728/eosUsbClient.o
 .debug_line    0x000012f3      0x224 build/PINGUINO/production/_ext/863068963/eosAppLoop.o
 .debug_line    0x00001517      0x2e8 build/PINGUINO/production/_ext/1935080774/eosTask.o
 .debug_line    0x000017ff      0x1cf build/PINGUINO/production/_ext/1315484212/eosApplication.o
 .debug_line    0x000019ce      0x8e1 build/PINGUINO/production/_ext/2129976512/tasks.o
 .debug_line    0x000022af      0x55a build/PINGUINO/production/_ext/2129976512/queue.o
 .debug_line    0x00002809      0x3e2 build/PINGUINO/production/_ext/2129976512/timers.o
 .debug_line    0x00002beb      0x233 build/PINGUINO/production/_ext/1298945782/port.o
 .debug_line    0x00002e1e      0x125 build/PINGUINO/production/_ext/1298945782/port_asm.o
 .debug_line    0x00002f43      0x215 build/PINGUINO/production/_ext/696550819/heap_4.o
 .debug_line    0x00003158      0x1d4 build/PINGUINO/production/_ext/2129976512/list.o
 .debug_line    0x0000332c      0x609 build/PINGUINO/production/_ext/1643514105/drv_usbfs.o
 .debug_line    0x00003935      0x924 build/PINGUINO/production/_ext/1643514105/drv_usbfs_device.o
 .debug_line    0x00004259      0x2b9 build/PINGUINO/production/_ext/1712295097/sys_int_pic32.o
 .debug_line    0x00004512      0x701 build/PINGUINO/production/_ext/1663442938/usb_device_cdc.o
 .debug_line    0x00004c13      0x999 build/PINGUINO/production/_ext/1663442938/usb_device.o
 .debug_line    0x000055ac      0x28a build/PINGUINO/production/_ext/1663442938/usb_device_cdc_acm.o
 .debug_line    0x00005836       0x70 c:/program files/microchip/xc32/v1.40/bin/bin/../../lib/gcc/pic32mx/4.8.3/../../../../pic32mx/lib/no-float\libxcpp.a(abort.o)
 .debug_line    0x000058a6       0x6e c:/program files/microchip/xc32/v1.40/bin/bin/../../lib/gcc/pic32mx/4.8.3/../../../../pic32mx/lib/no-float\libxcpp.a(abs.o)
 .debug_line    0x00005914       0x6f c:/program files/microchip/xc32/v1.40/bin/bin/../../lib/gcc/pic32mx/4.8.3/../../../../pic32mx/lib/no-float\libxcpp.a(exit.o)
 .debug_line    0x00005983       0x6f c:/program files/microchip/xc32/v1.40/bin/bin/../../lib/gcc/pic32mx/4.8.3/../../../../pic32mx/lib/no-float\libxcpp.a(free.o)
 .debug_line    0x000059f2       0x71 c:/program files/microchip/xc32/v1.40/bin/bin/../../lib/gcc/pic32mx/4.8.3/../../../../pic32mx/lib/no-float\libxcpp.a(malloc.o)
 .debug_line    0x00005a63       0x71 c:/program files/microchip/xc32/v1.40/bin/bin/../../lib/gcc/pic32mx/4.8.3/../../../../pic32mx/lib/no-float\libxcpp.a(memcpy.o)
 .debug_line    0x00005ad4       0x71 c:/program files/microchip/xc32/v1.40/bin/bin/../../lib/gcc/pic32mx/4.8.3/../../../../pic32mx/lib/no-float\libxcpp.a(memset.o)
 .debug_line    0x00005b45       0x70 c:/program files/microchip/xc32/v1.40/bin/bin/../../lib/gcc/pic32mx/4.8.3/../../../../pic32mx/lib/no-float\libxcpp.a(raise.o)
 .debug_line    0x00005bb5       0x71 c:/program files/microchip/xc32/v1.40/bin/bin/../../lib/gcc/pic32mx/4.8.3/../../../../pic32mx/lib/no-float\libxcpp.a(strcmp.o)
 .debug_line    0x00005c26       0x70 c:/program files/microchip/xc32/v1.40/bin/bin/../../lib/gcc/pic32mx/4.8.3/../../../../pic32mx/lib/no-float\libxcpp.a(xexit.o)
 .debug_line    0x00005c96       0x72 c:/program files/microchip/xc32/v1.40/bin/bin/../../lib/gcc/pic32mx/4.8.3/../../../../pic32mx/lib/no-float\libxcpp.a(xgetmem.o)
 .debug_line    0x00005d08      0x221 c:/program files/microchip/xc32/v1.40/bin/bin/../../lib/gcc/pic32mx/4.8.3/no-float\libgcc.a(unwind-sjlj.o)
 .debug_line    0x00005f29       0x78 c:/program files/microchip/xc32/v1.40/bin/bin/../../lib/gcc/pic32mx/4.8.3/../../../../pic32mx/lib/no-float\libpic32.a(sbrk.o)
 .debug_line    0x00005fa1       0x97 c:/program files/microchip/xc32/v1.40/bin/bin/../../lib/gcc/pic32mx/4.8.3/../../../../pic32mx/lib/no-float\libpic32.a(default-bootstrap-exception-handler.o)
 .debug_line    0x00006038       0x84 c:/program files/microchip/xc32/v1.40/bin/bin/../../lib/gcc/pic32mx/4.8.3/../../../../pic32mx/lib/no-float\libpic32.a(default-on-reset.o)
 .debug_line    0x000060bc       0x88 c:/program files/microchip/xc32/v1.40/bin/bin/../../lib/gcc/pic32mx/4.8.3/../../../../pic32mx/lib/no-float\libpic32.a(default-on-bootstrap.o)
 .debug_line    0x00006144       0x79 c:/program files/microchip/xc32/v1.40/bin/bin/../../lib/gcc/pic32mx/4.8.3/../../../../pic32mx/lib/no-float\libpic32.a(_exit.o)
 .debug_line    0x000061bd       0x78 c:/program files/microchip/xc32/v1.40/bin/bin/../../lib/gcc/pic32mx/4.8.3/../../../../pic32mx/lib/no-float\libpic32.a(kill.o)
 .debug_line    0x00006235       0x7a c:/program files/microchip/xc32/v1.40/bin/bin/../../lib/gcc/pic32mx/4.8.3/../../../../pic32mx/lib/no-float\libpic32.a(getpid.o)
 .debug_line    0x000062af        0x0 c:/program files/microchip/xc32/v1.40/bin/bin/../../lib/gcc/pic32mx/4.8.3/../../../../pic32mx/lib/no-float\libpic32.a(errno.o)
 .debug_line    0x000062af       0x95 c:/program files/microchip/xc32/v1.40/bin/bin/../../lib/gcc/pic32mx/4.8.3/../../../../pic32mx/lib/no-float\libpic32.a(default-general-exception-handler.o)
 .debug_line    0x00006344       0x96 c:/program files/microchip/xc32/v1.40/bin/bin/../../lib/gcc/pic32mx/4.8.3/../../../../pic32mx/lib/no-float\libpic32.a(defaultinterrupt.o)

.debug_frame    0x00000000     0x1ed0
 *(.debug_frame)
 .debug_frame   0x00000000      0x108 build/PINGUINO/production/_ext/1472/Main.o
 .debug_frame   0x00000108       0x78 build/PINGUINO/production/_ext/1472/rtos_hooks.o
 .debug_frame   0x00000180       0x40 build/PINGUINO/production/_ext/55825582/halSYS.o
 .debug_frame   0x000001c0       0x94 build/PINGUINO/production/_ext/1705198617/system_init.o
 .debug_frame   0x00000254       0x80 build/PINGUINO/production/_ext/1705198617/app.o
 .debug_frame   0x000002d4       0x68 build/PINGUINO/production/_ext/2012494728/eosUsbClient.o
 .debug_frame   0x0000033c       0xa0 build/PINGUINO/production/_ext/863068963/eosAppLoop.o
 .debug_frame   0x000003dc      0x16c build/PINGUINO/production/_ext/1935080774/eosTask.o
 .debug_frame   0x00000548       0xa4 build/PINGUINO/production/_ext/1315484212/eosApplication.o
 .debug_frame   0x000005ec      0x4b8 build/PINGUINO/production/_ext/2129976512/tasks.o
 .debug_frame   0x00000aa4      0x250 build/PINGUINO/production/_ext/2129976512/queue.o
 .debug_frame   0x00000cf4      0x1f0 build/PINGUINO/production/_ext/2129976512/timers.o
 .debug_frame   0x00000ee4       0xd0 build/PINGUINO/production/_ext/1298945782/port.o
 .debug_frame   0x00000fb4       0xa0 build/PINGUINO/production/_ext/696550819/heap_4.o
 .debug_frame   0x00001054       0x78 build/PINGUINO/production/_ext/2129976512/list.o
 .debug_frame   0x000010cc      0x100 build/PINGUINO/production/_ext/1643514105/drv_usbfs.o